Blender 4.5.2 LTS (hash ab25eae04993 built 2025-08-20 02:11:19)
Read blend: "/home/nas5/jungwooahn/projects/DronePhotographer/data/scenes/House-in-forest-hight-quality_cab103af/House-in-forest-hight-quality_cab103af.blend"
[smoke] placement=House-in-forest-hight-quality_cab103af__Modern-Texter_88ef14bd idx=0 foot=[-0.6667598485946655, 14.7675199508667, -1.2636139392852783]
Info: Read library: '/h/Xe scnene/Soft 2023/addon blender/nhom mua chung vipro/Baga Grove Garden Volume + BagaPie V10.4.1 (Blender 4.0)/GP_BagaGrove_-_Wild/Assets/126_simple_grass_v3.blend', 'H:\Xe scnene\Soft 2023\addon blender\nhom mua chung vipro\Baga Grove Garden Volume + BagaPie V10.4.1 (Blender 4.0)\GP_BagaGrove_-_Wild\Assets\126_simple_grass_v3.blend', parent '<direct>'
Warning: Unable to open '/h/Xe scnene/Soft 2023/addon blender/nhom mua chung vipro/Baga Grove Garden Volume + BagaPie V10.4.1 (Blender 4.0)/GP_BagaGrove_-_Wild/Assets/126_simple_grass_v3.blend': No such file or directory
Info: Cannot find lib '/h/Xe scnene/Soft 2023/addon blender/nhom mua chung vipro/Baga Grove Garden Volume + BagaPie V10.4.1 (Blender 4.0)/GP_BagaGrove_-_Wild/Assets/126_simple_grass_v3.blend'
Info: Read library: '/h/Xe scnene/Soft 2023/addon blender/nhom mua chung vipro/grass/Graswald ASSETS/Assets/branches_fbvk4/data/data.blend', 'H:\Xe scnene\Soft 2023\addon blender\nhom mua chung vipro\grass\Graswald ASSETS\Assets\branches_fbvk4\data\data.blend', parent '<direct>'
Warning: Unable to open '/h/Xe scnene/Soft 2023/addon blender/nhom mua chung vipro/grass/Graswald ASSETS/Assets/branches_fbvk4/data/data.blend': No such file or directory
Info: Cannot find lib '/h/Xe scnene/Soft 2023/addon blender/nhom mua chung vipro/grass/Graswald ASSETS/Assets/branches_fbvk4/data/data.blend'
Info: Read library: '/h/Xe scnene/Soft 2023/addon blender/nhom mua chung vipro/grass/Graswald ASSETS/Assets/athyriumfilixfemina_9hda3/data/data.blend', 'H:\Xe scnene\Soft 2023\addon blender\nhom mua chung vipro\grass\Graswald ASSETS\Assets\athyriumfilixfemina_9hda3\data\data.blend', parent '<direct>'
Warning: Unable to open '/h/Xe scnene/Soft 2023/addon blender/nhom mua chung vipro/grass/Graswald ASSETS/Assets/athyriumfilixfemina_9hda3/data/data.blend': No such file or directory
Info: Cannot find lib '/h/Xe scnene/Soft 2023/addon blender/nhom mua chung vipro/grass/Graswald ASSETS/Assets/athyriumfilixfemina_9hda3/data/data.blend'
Info: Read library: '/h/Xe scnene/Soft 2023/addon blender/nhom mua chung vipro/grass/Graswald ASSETS/Assets/fagussylvatica_eb457/data/data.blend', 'H:\Xe scnene\Soft 2023\addon blender\nhom mua chung vipro\grass\Graswald ASSETS\Assets\fagussylvatica_eb457\data\data.blend', parent '<direct>'
Warning: Unable to open '/h/Xe scnene/Soft 2023/addon blender/nhom mua chung vipro/grass/Graswald ASSETS/Assets/fagussylvatica_eb457/data/data.blend': No such file or directory
Info: Cannot find lib '/h/Xe scnene/Soft 2023/addon blender/nhom mua chung vipro/grass/Graswald ASSETS/Assets/fagussylvatica_eb457/data/data.blend'
Info: Read library: '/h/Xe scnene/Soft 2023/addon blender/nhom mua chung vipro/grass/Graswald ASSETS/Assets/violareichenbachiana_n67zr/data/data.blend', 'H:\Xe scnene\Soft 2023\addon blender\nhom mua chung vipro\grass\Graswald ASSETS\Assets\violareichenbachiana_n67zr\data\data.blend', parent '<direct>'
Warning: Unable to open '/h/Xe scnene/Soft 2023/addon blender/nhom mua chung vipro/grass/Graswald ASSETS/Assets/violareichenbachiana_n67zr/data/data.blend': No such file or directory
Info: Cannot find lib '/h/Xe scnene/Soft 2023/addon blender/nhom mua chung vipro/grass/Graswald ASSETS/Assets/violareichenbachiana_n67zr/data/data.blend'
Info: LIB: Object: '126_simple_grass_v3' missing from 'H:/Xe scnene/Soft 2023/addon blender/nhom mua chung vipro/Baga Grove Garden Volume + BagaPie V10.4.1 (Blender 4.0)/GP_BagaGrove_-_Wild/Assets/126_simple_grass_v3.blend', parent '<direct>'
Info: LIB: Object: 'Branches_fbvk4_stem_lod1_0' missing from 'H:/Xe scnene/Soft 2023/addon blender/nhom mua chung vipro/grass/Graswald ASSETS/Assets/branches_fbvk4/data/data.blend', parent '<direct>'
Info: LIB: Object: 'Branches_fbvk4_stem_lod1_1' missing from 'H:/Xe scnene/Soft 2023/addon blender/nhom mua chung vipro/grass/Graswald ASSETS/Assets/branches_fbvk4/data/data.blend', parent '<direct>'
Info: LIB: Object: 'Branches_fbvk4_stem_lod1_11' missing from 'H:/Xe scnene/Soft 2023/addon blender/nhom mua chung vipro/grass/Graswald ASSETS/Assets/branches_fbvk4/data/data.blend', parent '<direct>'
Info: LIB: Object: 'Branches_fbvk4_stem_lod1_12' missing from 'H:/Xe scnene/Soft 2023/addon blender/nhom mua chung vipro/grass/Graswald ASSETS/Assets/branches_fbvk4/data/data.blend', parent '<direct>'
Info: LIB: Object: 'Branches_fbvk4_stem_lod1_13' missing from 'H:/Xe scnene/Soft 2023/addon blender/nhom mua chung vipro/grass/Graswald ASSETS/Assets/branches_fbvk4/data/data.blend', parent '<direct>'
Info: LIB: Object: 'Branches_fbvk4_stem_lod1_15' missing from 'H:/Xe scnene/Soft 2023/addon blender/nhom mua chung vipro/grass/Graswald ASSETS/Assets/branches_fbvk4/data/data.blend', parent '<direct>'
Info: LIB: Object: 'Branches_fbvk4_stem_lod1_16' missing from 'H:/Xe scnene/Soft 2023/addon blender/nhom mua chung vipro/grass/Graswald ASSETS/Assets/branches_fbvk4/data/data.blend', parent '<direct>'
Info: LIB: Object: 'Branches_fbvk4_stem_lod1_17' missing from 'H:/Xe scnene/Soft 2023/addon blender/nhom mua chung vipro/grass/Graswald ASSETS/Assets/branches_fbvk4/data/data.blend', parent '<direct>'
Info: LIB: Object: 'Branches_fbvk4_stem_lod1_19' missing from 'H:/Xe scnene/Soft 2023/addon blender/nhom mua chung vipro/grass/Graswald ASSETS/Assets/branches_fbvk4/data/data.blend', parent '<direct>'
Info: LIB: Object: 'Branches_fbvk4_stem_lod1_2' missing from 'H:/Xe scnene/Soft 2023/addon blender/nhom mua chung vipro/grass/Graswald ASSETS/Assets/branches_fbvk4/data/data.blend', parent '<direct>'
Info: LIB: Object: 'Branches_fbvk4_stem_lod1_20' missing from 'H:/Xe scnene/Soft 2023/addon blender/nhom mua chung vipro/grass/Graswald ASSETS/Assets/branches_fbvk4/data/data.blend', parent '<direct>'
Info: LIB: Object: 'Branches_fbvk4_stem_lod1_21' missing from 'H:/Xe scnene/Soft 2023/addon blender/nhom mua chung vipro/grass/Graswald ASSETS/Assets/branches_fbvk4/data/data.blend', parent '<direct>'
Info: LIB: Object: 'Branches_fbvk4_stem_lod1_22' missing from 'H:/Xe scnene/Soft 2023/addon blender/nhom mua chung vipro/grass/Graswald ASSETS/Assets/branches_fbvk4/data/data.blend', parent '<direct>'
Info: LIB: Object: 'Branches_fbvk4_stem_lod1_23' missing from 'H:/Xe scnene/Soft 2023/addon blender/nhom mua chung vipro/grass/Graswald ASSETS/Assets/branches_fbvk4/data/data.blend', parent '<direct>'
Info: LIB: Object: 'Branches_fbvk4_stem_lod1_24' missing from 'H:/Xe scnene/Soft 2023/addon blender/nhom mua chung vipro/grass/Graswald ASSETS/Assets/branches_fbvk4/data/data.blend', parent '<direct>'
Info: LIB: Object: 'Branches_fbvk4_stem_lod1_27' missing from 'H:/Xe scnene/Soft 2023/addon blender/nhom mua chung vipro/grass/Graswald ASSETS/Assets/branches_fbvk4/data/data.blend', parent '<direct>'
Info: LIB: Object: 'Branches_fbvk4_stem_lod1_3' missing from 'H:/Xe scnene/Soft 2023/addon blender/nhom mua chung vipro/grass/Graswald ASSETS/Assets/branches_fbvk4/data/data.blend', parent '<direct>'
Info: LIB: Object: 'Branches_fbvk4_stem_lod1_30' missing from 'H:/Xe scnene/Soft 2023/addon blender/nhom mua chung vipro/grass/Graswald ASSETS/Assets/branches_fbvk4/data/data.blend', parent '<direct>'
Info: LIB: Object: 'Branches_fbvk4_stem_lod1_31' missing from 'H:/Xe scnene/Soft 2023/addon blender/nhom mua chung vipro/grass/Graswald ASSETS/Assets/branches_fbvk4/data/data.blend', parent '<direct>'
Info: LIB: Object: 'Branches_fbvk4_stem_lod1_32' missing from 'H:/Xe scnene/Soft 2023/addon blender/nhom mua chung vipro/grass/Graswald ASSETS/Assets/branches_fbvk4/data/data.blend', parent '<direct>'
Info: LIB: Object: 'Branches_fbvk4_stem_lod1_35' missing from 'H:/Xe scnene/Soft 2023/addon blender/nhom mua chung vipro/grass/Graswald ASSETS/Assets/branches_fbvk4/data/data.blend', parent '<direct>'
Info: LIB: Object: 'Branches_fbvk4_stem_lod1_36' missing from 'H:/Xe scnene/Soft 2023/addon blender/nhom mua chung vipro/grass/Graswald ASSETS/Assets/branches_fbvk4/data/data.blend', parent '<direct>'
Info: LIB: Object: 'Branches_fbvk4_stem_lod1_37' missing from 'H:/Xe scnene/Soft 2023/addon blender/nhom mua chung vipro/grass/Graswald ASSETS/Assets/branches_fbvk4/data/data.blend', parent '<direct>'
Info: LIB: Object: 'Branches_fbvk4_stem_lod1_39' missing from 'H:/Xe scnene/Soft 2023/addon blender/nhom mua chung vipro/grass/Graswald ASSETS/Assets/branches_fbvk4/data/data.blend', parent '<direct>'
Info: LIB: Object: 'Branches_fbvk4_stem_lod1_4' missing from 'H:/Xe scnene/Soft 2023/addon blender/nhom mua chung vipro/grass/Graswald ASSETS/Assets/branches_fbvk4/data/data.blend', parent '<direct>'
Info: LIB: Object: 'Branches_fbvk4_stem_lod1_5' missing from 'H:/Xe scnene/Soft 2023/addon blender/nhom mua chung vipro/grass/Graswald ASSETS/Assets/branches_fbvk4/data/data.blend', parent '<direct>'
Info: LIB: Object: 'Branches_fbvk4_stem_lod1_6' missing from 'H:/Xe scnene/Soft 2023/addon blender/nhom mua chung vipro/grass/Graswald ASSETS/Assets/branches_fbvk4/data/data.blend', parent '<direct>'
Info: LIB: Object: 'Branches_fbvk4_stem_lod1_7' missing from 'H:/Xe scnene/Soft 2023/addon blender/nhom mua chung vipro/grass/Graswald ASSETS/Assets/branches_fbvk4/data/data.blend', parent '<direct>'
Info: LIB: Object: 'AthyriumFilixFemina_9hda3_leaf_lod0_52' missing from 'H:/Xe scnene/Soft 2023/addon blender/nhom mua chung vipro/grass/Graswald ASSETS/Assets/athyriumfilixfemina_9hda3/data/data.blend', parent '<direct>'
Info: LIB: Object: 'AthyriumFilixFemina_9hda3_leaf_lod0_52.001' missing from 'H:/Xe scnene/Soft 2023/addon blender/nhom mua chung vipro/grass/Graswald ASSETS/Assets/athyriumfilixfemina_9hda3/data/data.blend', parent '<direct>'
Info: LIB: Object: 'AthyriumFilixFemina_9hda3_leaf_lod0_54' missing from 'H:/Xe scnene/Soft 2023/addon blender/nhom mua chung vipro/grass/Graswald ASSETS/Assets/athyriumfilixfemina_9hda3/data/data.blend', parent '<direct>'
Info: LIB: Object: 'AthyriumFilixFemina_9hda3_leaf_lod0_54.001' missing from 'H:/Xe scnene/Soft 2023/addon blender/nhom mua chung vipro/grass/Graswald ASSETS/Assets/athyriumfilixfemina_9hda3/data/data.blend', parent '<direct>'
Info: LIB: Object: 'AthyriumFilixFemina_9hda3_leaf_lod0_54.002' missing from 'H:/Xe scnene/Soft 2023/addon blender/nhom mua chung vipro/grass/Graswald ASSETS/Assets/athyriumfilixfemina_9hda3/data/data.blend', parent '<direct>'
Info: LIB: Object: 'AthyriumFilixFemina_9hda3_leaf_lod0_54.003' missing from 'H:/Xe scnene/Soft 2023/addon blender/nhom mua chung vipro/grass/Graswald ASSETS/Assets/athyriumfilixfemina_9hda3/data/data.blend', parent '<direct>'
Info: LIB: Object: 'AthyriumFilixFemina_9hda3_leaf_lod3_52' missing from 'H:/Xe scnene/Soft 2023/addon blender/nhom mua chung vipro/grass/Graswald ASSETS/Assets/athyriumfilixfemina_9hda3/data/data.blend', parent '<direct>'
Info: LIB: Object: 'AthyriumFilixFemina_9hda3_leaf_lod3_52.001' missing from 'H:/Xe scnene/Soft 2023/addon blender/nhom mua chung vipro/grass/Graswald ASSETS/Assets/athyriumfilixfemina_9hda3/data/data.blend', parent '<direct>'
Info: LIB: Object: 'AthyriumFilixFemina_9hda3_leaf_lod3_54' missing from 'H:/Xe scnene/Soft 2023/addon blender/nhom mua chung vipro/grass/Graswald ASSETS/Assets/athyriumfilixfemina_9hda3/data/data.blend', parent '<direct>'
Info: LIB: Object: 'AthyriumFilixFemina_9hda3_leaf_lod3_54.001' missing from 'H:/Xe scnene/Soft 2023/addon blender/nhom mua chung vipro/grass/Graswald ASSETS/Assets/athyriumfilixfemina_9hda3/data/data.blend', parent '<direct>'
Info: LIB: Object: 'AthyriumFilixFemina_9hda3_leaf_lod3_54.002' missing from 'H:/Xe scnene/Soft 2023/addon blender/nhom mua chung vipro/grass/Graswald ASSETS/Assets/athyriumfilixfemina_9hda3/data/data.blend', parent '<direct>'
Info: LIB: Object: 'AthyriumFilixFemina_9hda3_leaf_lod3_54.003' missing from 'H:/Xe scnene/Soft 2023/addon blender/nhom mua chung vipro/grass/Graswald ASSETS/Assets/athyriumfilixfemina_9hda3/data/data.blend', parent '<direct>'
Info: LIB: Object: 'AthyriumFilixFemina_9hda3_stem_lod0_4' missing from 'H:/Xe scnene/Soft 2023/addon blender/nhom mua chung vipro/grass/Graswald ASSETS/Assets/athyriumfilixfemina_9hda3/data/data.blend', parent '<direct>'
Info: LIB: Object: 'AthyriumFilixFemina_9hda3_stem_lod3_4' missing from 'H:/Xe scnene/Soft 2023/addon blender/nhom mua chung vipro/grass/Graswald ASSETS/Assets/athyriumfilixfemina_9hda3/data/data.blend', parent '<direct>'
Info: LIB: Object: 'FagusSylvatica_eb457_leaf_lod1_0' missing from 'H:/Xe scnene/Soft 2023/addon blender/nhom mua chung vipro/grass/Graswald ASSETS/Assets/fagussylvatica_eb457/data/data.blend', parent '<direct>'
Info: LIB: Object: 'FagusSylvatica_eb457_leaf_lod1_1' missing from 'H:/Xe scnene/Soft 2023/addon blender/nhom mua chung vipro/grass/Graswald ASSETS/Assets/fagussylvatica_eb457/data/data.blend', parent '<direct>'
Info: LIB: Object: 'FagusSylvatica_eb457_leaf_lod1_10' missing from 'H:/Xe scnene/Soft 2023/addon blender/nhom mua chung vipro/grass/Graswald ASSETS/Assets/fagussylvatica_eb457/data/data.blend', parent '<direct>'
Info: LIB: Object: 'FagusSylvatica_eb457_leaf_lod1_11' missing from 'H:/Xe scnene/Soft 2023/addon blender/nhom mua chung vipro/grass/Graswald ASSETS/Assets/fagussylvatica_eb457/data/data.blend', parent '<direct>'
Info: LIB: Object: 'FagusSylvatica_eb457_leaf_lod1_12' missing from 'H:/Xe scnene/Soft 2023/addon blender/nhom mua chung vipro/grass/Graswald ASSETS/Assets/fagussylvatica_eb457/data/data.blend', parent '<direct>'
Info: LIB: Object: 'FagusSylvatica_eb457_leaf_lod1_13' missing from 'H:/Xe scnene/Soft 2023/addon blender/nhom mua chung vipro/grass/Graswald ASSETS/Assets/fagussylvatica_eb457/data/data.blend', parent '<direct>'
Info: LIB: Object: 'FagusSylvatica_eb457_leaf_lod1_14' missing from 'H:/Xe scnene/Soft 2023/addon blender/nhom mua chung vipro/grass/Graswald ASSETS/Assets/fagussylvatica_eb457/data/data.blend', parent '<direct>'
Info: LIB: Object: 'FagusSylvatica_eb457_leaf_lod1_15' missing from 'H:/Xe scnene/Soft 2023/addon blender/nhom mua chung vipro/grass/Graswald ASSETS/Assets/fagussylvatica_eb457/data/data.blend', parent '<direct>'
Info: LIB: Object: 'FagusSylvatica_eb457_leaf_lod1_16' missing from 'H:/Xe scnene/Soft 2023/addon blender/nhom mua chung vipro/grass/Graswald ASSETS/Assets/fagussylvatica_eb457/data/data.blend', parent '<direct>'
Info: LIB: Object: 'FagusSylvatica_eb457_leaf_lod1_17' missing from 'H:/Xe scnene/Soft 2023/addon blender/nhom mua chung vipro/grass/Graswald ASSETS/Assets/fagussylvatica_eb457/data/data.blend', parent '<direct>'
Info: LIB: Object: 'FagusSylvatica_eb457_leaf_lod1_18' missing from 'H:/Xe scnene/Soft 2023/addon blender/nhom mua chung vipro/grass/Graswald ASSETS/Assets/fagussylvatica_eb457/data/data.blend', parent '<direct>'
Info: LIB: Object: 'FagusSylvatica_eb457_leaf_lod1_19' missing from 'H:/Xe scnene/Soft 2023/addon blender/nhom mua chung vipro/grass/Graswald ASSETS/Assets/fagussylvatica_eb457/data/data.blend', parent '<direct>'
Info: LIB: Object: 'FagusSylvatica_eb457_leaf_lod1_2' missing from 'H:/Xe scnene/Soft 2023/addon blender/nhom mua chung vipro/grass/Graswald ASSETS/Assets/fagussylvatica_eb457/data/data.blend', parent '<direct>'
Info: LIB: Object: 'FagusSylvatica_eb457_leaf_lod1_20' missing from 'H:/Xe scnene/Soft 2023/addon blender/nhom mua chung vipro/grass/Graswald ASSETS/Assets/fagussylvatica_eb457/data/data.blend', parent '<direct>'
Info: LIB: Object: 'FagusSylvatica_eb457_leaf_lod1_21' missing from 'H:/Xe scnene/Soft 2023/addon blender/nhom mua chung vipro/grass/Graswald ASSETS/Assets/fagussylvatica_eb457/data/data.blend', parent '<direct>'
Info: LIB: Object: 'FagusSylvatica_eb457_leaf_lod1_22' missing from 'H:/Xe scnene/Soft 2023/addon blender/nhom mua chung vipro/grass/Graswald ASSETS/Assets/fagussylvatica_eb457/data/data.blend', parent '<direct>'
Info: LIB: Object: 'FagusSylvatica_eb457_leaf_lod1_23' missing from 'H:/Xe scnene/Soft 2023/addon blender/nhom mua chung vipro/grass/Graswald ASSETS/Assets/fagussylvatica_eb457/data/data.blend', parent '<direct>'
Info: LIB: Object: 'FagusSylvatica_eb457_leaf_lod1_24' missing from 'H:/Xe scnene/Soft 2023/addon blender/nhom mua chung vipro/grass/Graswald ASSETS/Assets/fagussylvatica_eb457/data/data.blend', parent '<direct>'
Info: LIB: Object: 'FagusSylvatica_eb457_leaf_lod1_25' missing from 'H:/Xe scnene/Soft 2023/addon blender/nhom mua chung vipro/grass/Graswald ASSETS/Assets/fagussylvatica_eb457/data/data.blend', parent '<direct>'
Info: LIB: Object: 'FagusSylvatica_eb457_leaf_lod1_26' missing from 'H:/Xe scnene/Soft 2023/addon blender/nhom mua chung vipro/grass/Graswald ASSETS/Assets/fagussylvatica_eb457/data/data.blend', parent '<direct>'
Info: LIB: Object: 'FagusSylvatica_eb457_leaf_lod1_27' missing from 'H:/Xe scnene/Soft 2023/addon blender/nhom mua chung vipro/grass/Graswald ASSETS/Assets/fagussylvatica_eb457/data/data.blend', parent '<direct>'
Info: LIB: Object: 'FagusSylvatica_eb457_leaf_lod1_28' missing from 'H:/Xe scnene/Soft 2023/addon blender/nhom mua chung vipro/grass/Graswald ASSETS/Assets/fagussylvatica_eb457/data/data.blend', parent '<direct>'
Info: LIB: Object: 'FagusSylvatica_eb457_leaf_lod1_29' missing from 'H:/Xe scnene/Soft 2023/addon blender/nhom mua chung vipro/grass/Graswald ASSETS/Assets/fagussylvatica_eb457/data/data.blend', parent '<direct>'
Info: LIB: Object: 'FagusSylvatica_eb457_leaf_lod1_3' missing from 'H:/Xe scnene/Soft 2023/addon blender/nhom mua chung vipro/grass/Graswald ASSETS/Assets/fagussylvatica_eb457/data/data.blend', parent '<direct>'
Info: LIB: Object: 'FagusSylvatica_eb457_leaf_lod1_30' missing from 'H:/Xe scnene/Soft 2023/addon blender/nhom mua chung vipro/grass/Graswald ASSETS/Assets/fagussylvatica_eb457/data/data.blend', parent '<direct>'
Info: LIB: Object: 'FagusSylvatica_eb457_leaf_lod1_31' missing from 'H:/Xe scnene/Soft 2023/addon blender/nhom mua chung vipro/grass/Graswald ASSETS/Assets/fagussylvatica_eb457/data/data.blend', parent '<direct>'
Info: LIB: Object: 'FagusSylvatica_eb457_leaf_lod1_32' missing from 'H:/Xe scnene/Soft 2023/addon blender/nhom mua chung vipro/grass/Graswald ASSETS/Assets/fagussylvatica_eb457/data/data.blend', parent '<direct>'
Info: LIB: Object: 'FagusSylvatica_eb457_leaf_lod1_33' missing from 'H:/Xe scnene/Soft 2023/addon blender/nhom mua chung vipro/grass/Graswald ASSETS/Assets/fagussylvatica_eb457/data/data.blend', parent '<direct>'
Info: LIB: Object: 'FagusSylvatica_eb457_leaf_lod1_34' missing from 'H:/Xe scnene/Soft 2023/addon blender/nhom mua chung vipro/grass/Graswald ASSETS/Assets/fagussylvatica_eb457/data/data.blend', parent '<direct>'
Info: LIB: Object: 'FagusSylvatica_eb457_leaf_lod1_35' missing from 'H:/Xe scnene/Soft 2023/addon blender/nhom mua chung vipro/grass/Graswald ASSETS/Assets/fagussylvatica_eb457/data/data.blend', parent '<direct>'
Info: LIB: Object: 'FagusSylvatica_eb457_leaf_lod1_36' missing from 'H:/Xe scnene/Soft 2023/addon blender/nhom mua chung vipro/grass/Graswald ASSETS/Assets/fagussylvatica_eb457/data/data.blend', parent '<direct>'
Info: LIB: Object: 'FagusSylvatica_eb457_leaf_lod1_37' missing from 'H:/Xe scnene/Soft 2023/addon blender/nhom mua chung vipro/grass/Graswald ASSETS/Assets/fagussylvatica_eb457/data/data.blend', parent '<direct>'
Info: LIB: Object: 'FagusSylvatica_eb457_leaf_lod1_38' missing from 'H:/Xe scnene/Soft 2023/addon blender/nhom mua chung vipro/grass/Graswald ASSETS/Assets/fagussylvatica_eb457/data/data.blend', parent '<direct>'
Info: LIB: Object: 'FagusSylvatica_eb457_leaf_lod1_39' missing from 'H:/Xe scnene/Soft 2023/addon blender/nhom mua chung vipro/grass/Graswald ASSETS/Assets/fagussylvatica_eb457/data/data.blend', parent '<direct>'
Info: LIB: Object: 'FagusSylvatica_eb457_leaf_lod1_4' missing from 'H:/Xe scnene/Soft 2023/addon blender/nhom mua chung vipro/grass/Graswald ASSETS/Assets/fagussylvatica_eb457/data/data.blend', parent '<direct>'
Info: LIB: Object: 'FagusSylvatica_eb457_leaf_lod1_40' missing from 'H:/Xe scnene/Soft 2023/addon blender/nhom mua chung vipro/grass/Graswald ASSETS/Assets/fagussylvatica_eb457/data/data.blend', parent '<direct>'
Info: LIB: Object: 'FagusSylvatica_eb457_leaf_lod1_41' missing from 'H:/Xe scnene/Soft 2023/addon blender/nhom mua chung vipro/grass/Graswald ASSETS/Assets/fagussylvatica_eb457/data/data.blend', parent '<direct>'
Info: LIB: Object: 'FagusSylvatica_eb457_leaf_lod1_42' missing from 'H:/Xe scnene/Soft 2023/addon blender/nhom mua chung vipro/grass/Graswald ASSETS/Assets/fagussylvatica_eb457/data/data.blend', parent '<direct>'
Info: LIB: Object: 'FagusSylvatica_eb457_leaf_lod1_43' missing from 'H:/Xe scnene/Soft 2023/addon blender/nhom mua chung vipro/grass/Graswald ASSETS/Assets/fagussylvatica_eb457/data/data.blend', parent '<direct>'
Info: LIB: Object: 'FagusSylvatica_eb457_leaf_lod1_44' missing from 'H:/Xe scnene/Soft 2023/addon blender/nhom mua chung vipro/grass/Graswald ASSETS/Assets/fagussylvatica_eb457/data/data.blend', parent '<direct>'
Info: LIB: Object: 'FagusSylvatica_eb457_leaf_lod1_45' missing from 'H:/Xe scnene/Soft 2023/addon blender/nhom mua chung vipro/grass/Graswald ASSETS/Assets/fagussylvatica_eb457/data/data.blend', parent '<direct>'
Info: LIB: Object: 'FagusSylvatica_eb457_leaf_lod1_46' missing from 'H:/Xe scnene/Soft 2023/addon blender/nhom mua chung vipro/grass/Graswald ASSETS/Assets/fagussylvatica_eb457/data/data.blend', parent '<direct>'
Info: LIB: Object: 'FagusSylvatica_eb457_leaf_lod1_47' missing from 'H:/Xe scnene/Soft 2023/addon blender/nhom mua chung vipro/grass/Graswald ASSETS/Assets/fagussylvatica_eb457/data/data.blend', parent '<direct>'
Info: LIB: Object: 'FagusSylvatica_eb457_leaf_lod1_48' missing from 'H:/Xe scnene/Soft 2023/addon blender/nhom mua chung vipro/grass/Graswald ASSETS/Assets/fagussylvatica_eb457/data/data.blend', parent '<direct>'
Info: LIB: Object: 'FagusSylvatica_eb457_leaf_lod1_49' missing from 'H:/Xe scnene/Soft 2023/addon blender/nhom mua chung vipro/grass/Graswald ASSETS/Assets/fagussylvatica_eb457/data/data.blend', parent '<direct>'
Info: LIB: Object: 'FagusSylvatica_eb457_leaf_lod1_5' missing from 'H:/Xe scnene/Soft 2023/addon blender/nhom mua chung vipro/grass/Graswald ASSETS/Assets/fagussylvatica_eb457/data/data.blend', parent '<direct>'
Info: LIB: Object: 'FagusSylvatica_eb457_leaf_lod1_50' missing from 'H:/Xe scnene/Soft 2023/addon blender/nhom mua chung vipro/grass/Graswald ASSETS/Assets/fagussylvatica_eb457/data/data.blend', parent '<direct>'
Info: LIB: Object: 'FagusSylvatica_eb457_leaf_lod1_51' missing from 'H:/Xe scnene/Soft 2023/addon blender/nhom mua chung vipro/grass/Graswald ASSETS/Assets/fagussylvatica_eb457/data/data.blend', parent '<direct>'
Info: LIB: Object: 'FagusSylvatica_eb457_leaf_lod1_52' missing from 'H:/Xe scnene/Soft 2023/addon blender/nhom mua chung vipro/grass/Graswald ASSETS/Assets/fagussylvatica_eb457/data/data.blend', parent '<direct>'
Info: LIB: Object: 'FagusSylvatica_eb457_leaf_lod1_53' missing from 'H:/Xe scnene/Soft 2023/addon blender/nhom mua chung vipro/grass/Graswald ASSETS/Assets/fagussylvatica_eb457/data/data.blend', parent '<direct>'
Info: LIB: Object: 'FagusSylvatica_eb457_leaf_lod1_54' missing from 'H:/Xe scnene/Soft 2023/addon blender/nhom mua chung vipro/grass/Graswald ASSETS/Assets/fagussylvatica_eb457/data/data.blend', parent '<direct>'
Info: LIB: Object: 'FagusSylvatica_eb457_leaf_lod1_55' missing from 'H:/Xe scnene/Soft 2023/addon blender/nhom mua chung vipro/grass/Graswald ASSETS/Assets/fagussylvatica_eb457/data/data.blend', parent '<direct>'
Info: LIB: Object: 'FagusSylvatica_eb457_leaf_lod1_56' missing from 'H:/Xe scnene/Soft 2023/addon blender/nhom mua chung vipro/grass/Graswald ASSETS/Assets/fagussylvatica_eb457/data/data.blend', parent '<direct>'
Info: LIB: Object: 'FagusSylvatica_eb457_leaf_lod1_57' missing from 'H:/Xe scnene/Soft 2023/addon blender/nhom mua chung vipro/grass/Graswald ASSETS/Assets/fagussylvatica_eb457/data/data.blend', parent '<direct>'
Info: LIB: Object: 'FagusSylvatica_eb457_leaf_lod1_58' missing from 'H:/Xe scnene/Soft 2023/addon blender/nhom mua chung vipro/grass/Graswald ASSETS/Assets/fagussylvatica_eb457/data/data.blend', parent '<direct>'
Info: LIB: Object: 'FagusSylvatica_eb457_leaf_lod1_59' missing from 'H:/Xe scnene/Soft 2023/addon blender/nhom mua chung vipro/grass/Graswald ASSETS/Assets/fagussylvatica_eb457/data/data.blend', parent '<direct>'
Info: LIB: Object: 'FagusSylvatica_eb457_leaf_lod1_6' missing from 'H:/Xe scnene/Soft 2023/addon blender/nhom mua chung vipro/grass/Graswald ASSETS/Assets/fagussylvatica_eb457/data/data.blend', parent '<direct>'
Info: LIB: Object: 'FagusSylvatica_eb457_leaf_lod1_60' missing from 'H:/Xe scnene/Soft 2023/addon blender/nhom mua chung vipro/grass/Graswald ASSETS/Assets/fagussylvatica_eb457/data/data.blend', parent '<direct>'
Info: LIB: Object: 'FagusSylvatica_eb457_leaf_lod1_61' missing from 'H:/Xe scnene/Soft 2023/addon blender/nhom mua chung vipro/grass/Graswald ASSETS/Assets/fagussylvatica_eb457/data/data.blend', parent '<direct>'
Info: LIB: Object: 'FagusSylvatica_eb457_leaf_lod1_62' missing from 'H:/Xe scnene/Soft 2023/addon blender/nhom mua chung vipro/grass/Graswald ASSETS/Assets/fagussylvatica_eb457/data/data.blend', parent '<direct>'
Info: LIB: Object: 'FagusSylvatica_eb457_leaf_lod1_63' missing from 'H:/Xe scnene/Soft 2023/addon blender/nhom mua chung vipro/grass/Graswald ASSETS/Assets/fagussylvatica_eb457/data/data.blend', parent '<direct>'
Info: LIB: Object: 'FagusSylvatica_eb457_leaf_lod1_64' missing from 'H:/Xe scnene/Soft 2023/addon blender/nhom mua chung vipro/grass/Graswald ASSETS/Assets/fagussylvatica_eb457/data/data.blend', parent '<direct>'
Info: LIB: Object: 'FagusSylvatica_eb457_leaf_lod1_65' missing from 'H:/Xe scnene/Soft 2023/addon blender/nhom mua chung vipro/grass/Graswald ASSETS/Assets/fagussylvatica_eb457/data/data.blend', parent '<direct>'
Info: LIB: Object: 'FagusSylvatica_eb457_leaf_lod1_66' missing from 'H:/Xe scnene/Soft 2023/addon blender/nhom mua chung vipro/grass/Graswald ASSETS/Assets/fagussylvatica_eb457/data/data.blend', parent '<direct>'
Info: LIB: Object: 'FagusSylvatica_eb457_leaf_lod1_67' missing from 'H:/Xe scnene/Soft 2023/addon blender/nhom mua chung vipro/grass/Graswald ASSETS/Assets/fagussylvatica_eb457/data/data.blend', parent '<direct>'
Info: LIB: Object: 'FagusSylvatica_eb457_leaf_lod1_68' missing from 'H:/Xe scnene/Soft 2023/addon blender/nhom mua chung vipro/grass/Graswald ASSETS/Assets/fagussylvatica_eb457/data/data.blend', parent '<direct>'
Info: LIB: Object: 'FagusSylvatica_eb457_leaf_lod1_69' missing from 'H:/Xe scnene/Soft 2023/addon blender/nhom mua chung vipro/grass/Graswald ASSETS/Assets/fagussylvatica_eb457/data/data.blend', parent '<direct>'
Info: LIB: Object: 'FagusSylvatica_eb457_leaf_lod1_7' missing from 'H:/Xe scnene/Soft 2023/addon blender/nhom mua chung vipro/grass/Graswald ASSETS/Assets/fagussylvatica_eb457/data/data.blend', parent '<direct>'
Info: LIB: Object: 'FagusSylvatica_eb457_leaf_lod1_70' missing from 'H:/Xe scnene/Soft 2023/addon blender/nhom mua chung vipro/grass/Graswald ASSETS/Assets/fagussylvatica_eb457/data/data.blend', parent '<direct>'
Info: LIB: Object: 'FagusSylvatica_eb457_leaf_lod1_71' missing from 'H:/Xe scnene/Soft 2023/addon blender/nhom mua chung vipro/grass/Graswald ASSETS/Assets/fagussylvatica_eb457/data/data.blend', parent '<direct>'
Info: LIB: Object: 'FagusSylvatica_eb457_leaf_lod1_72' missing from 'H:/Xe scnene/Soft 2023/addon blender/nhom mua chung vipro/grass/Graswald ASSETS/Assets/fagussylvatica_eb457/data/data.blend', parent '<direct>'
Info: LIB: Object: 'FagusSylvatica_eb457_leaf_lod1_73' missing from 'H:/Xe scnene/Soft 2023/addon blender/nhom mua chung vipro/grass/Graswald ASSETS/Assets/fagussylvatica_eb457/data/data.blend', parent '<direct>'
Info: LIB: Object: 'FagusSylvatica_eb457_leaf_lod1_74' missing from 'H:/Xe scnene/Soft 2023/addon blender/nhom mua chung vipro/grass/Graswald ASSETS/Assets/fagussylvatica_eb457/data/data.blend', parent '<direct>'
Info: LIB: Object: 'FagusSylvatica_eb457_leaf_lod1_8' missing from 'H:/Xe scnene/Soft 2023/addon blender/nhom mua chung vipro/grass/Graswald ASSETS/Assets/fagussylvatica_eb457/data/data.blend', parent '<direct>'
Info: LIB: Object: 'FagusSylvatica_eb457_leaf_lod1_9' missing from 'H:/Xe scnene/Soft 2023/addon blender/nhom mua chung vipro/grass/Graswald ASSETS/Assets/fagussylvatica_eb457/data/data.blend', parent '<direct>'
Info: LIB: Object: 'ViolaReichenbachiana_n67zr_stem_lod0_23' missing from 'H:/Xe scnene/Soft 2023/addon blender/nhom mua chung vipro/grass/Graswald ASSETS/Assets/violareichenbachiana_n67zr/data/data.blend', parent '<direct>'
Info: LIB: Object: 'ViolaReichenbachiana_n67zr_stem_lod0_42' missing from 'H:/Xe scnene/Soft 2023/addon blender/nhom mua chung vipro/grass/Graswald ASSETS/Assets/violareichenbachiana_n67zr/data/data.blend', parent '<direct>'
Info: LIB: Object: 'ViolaReichenbachiana_n67zr_stem_lod0_61' missing from 'H:/Xe scnene/Soft 2023/addon blender/nhom mua chung vipro/grass/Graswald ASSETS/Assets/violareichenbachiana_n67zr/data/data.blend', parent '<direct>'
Info: LIB: Object: 'ViolaReichenbachiana_n67zr_stem_lod0_8' missing from 'H:/Xe scnene/Soft 2023/addon blender/nhom mua chung vipro/grass/Graswald ASSETS/Assets/violareichenbachiana_n67zr/data/data.blend', parent '<direct>'
Warning: 5 libraries and 122 linked data-blocks are missing (including 0 ObjectData), please check the Info and Outliner editors for details
[smoke] scene setup: 12.60s subject_names=['AutoPlacedRoot', 'Modern Texter'] center=[-0.7056098282337189, 14.790019989013672, -0.4559139013290405] h=1.62m
[smoke] render device: CPU (no --gpu-index)
[smoke] placement=House-in-forest-hight-quality_cab103af__Modern-Texter_88ef14bd accepted=12/12 attempts=26 acceptance_rate=0.46 r_range=[0.81, 7.95] theta_near_deg_range=[15.6, 136.5] viz=no
[smoke] rejections={'start_invalid': 2, 'end_off_frame': 4, 'start_off_frame': 4, 'ang_sep_too_small': 1, 'midpoint_invalid': 2}
[smoke] sub_reasons={'occlusion_sphere(5/14)': 2, 'end_off_frame(occ=0.000)': 4, 'start_off_frame(occ=0.000)': 3, 'start_off_frame(occ=0.004)': 1}
[smoke] dir=/home/nas5/jungwooahn/projects/DronePhotographer/outputs/v7_stage1_sample/House-in-forest-hight-quality_cab103af__Modern-Texter_88ef14bd files=['data.json', 'radius.csv']
