Blender 4.5.2 LTS (hash ab25eae04993 built 2025-08-20 02:11:19)
Read blend: "/home/nas5/jungwooahn/projects/DronePhotographer/data/scenes/paris-metro-entr_9df0d343-37fa-44ea-b312-f11361311266/paris-metro-entrance-square-pigalle_ac73342f-25be-4f35-a845-d6fbcc540ba8.blend"
[smoke] placement=paris-metro-entr_9df0d343-37fa-44ea-b312-f11361311266__Subdued-Revelry-Tattooed-Man_52a7d809 idx=0 foot=[14.545989036560059, 9.998034477233887, 6.002330780029297]
Info: Read library: '/c/Users/jobo/Documents/GScatter/Environments/The Colorful Mix/Assets/MatricariaChamomilla_4xz48/data/data.blend', 'C:\Users\jobo\Documents\GScatter\Environments\The Colorful Mix\Assets\MatricariaChamomilla_4xz48\data\data.blend', parent '<direct>'
Warning: Unable to open '/c/Users/jobo/Documents/GScatter/Environments/The Colorful Mix/Assets/MatricariaChamomilla_4xz48/data/data.blend': No such file or directory
Info: Cannot find lib '/c/Users/jobo/Documents/GScatter/Environments/The Colorful Mix/Assets/MatricariaChamomilla_4xz48/data/data.blend'
Info: Read library: '/c/Users/jobo/Documents/GScatter/Environments/The Colorful Mix/Assets/EchiumVulgare_2kxgg/data/data.blend', 'C:\Users\jobo\Documents\GScatter\Environments\The Colorful Mix\Assets\EchiumVulgare_2kxgg\data\data.blend', parent '<direct>'
Warning: Unable to open '/c/Users/jobo/Documents/GScatter/Environments/The Colorful Mix/Assets/EchiumVulgare_2kxgg/data/data.blend': No such file or directory
Info: Cannot find lib '/c/Users/jobo/Documents/GScatter/Environments/The Colorful Mix/Assets/EchiumVulgare_2kxgg/data/data.blend'
Info: Read library: '/c/Users/jobo/Documents/GScatter/Environments/The Colorful Mix/Assets/GeraniumPusillum_0ihd9/data/data.blend', 'C:\Users\jobo\Documents\GScatter\Environments\The Colorful Mix\Assets\GeraniumPusillum_0ihd9\data\data.blend', parent '<direct>'
Warning: Unable to open '/c/Users/jobo/Documents/GScatter/Environments/The Colorful Mix/Assets/GeraniumPusillum_0ihd9/data/data.blend': No such file or directory
Info: Cannot find lib '/c/Users/jobo/Documents/GScatter/Environments/The Colorful Mix/Assets/GeraniumPusillum_0ihd9/data/data.blend'
Info: Read library: '/c/Users/jobo/Documents/GScatter/Environments/The Colorful Mix/Assets/MalvaMoschata_eqqdb/data/data.blend', 'C:\Users\jobo\Documents\GScatter\Environments\The Colorful Mix\Assets\MalvaMoschata_eqqdb\data\data.blend', parent '<direct>'
Warning: Unable to open '/c/Users/jobo/Documents/GScatter/Environments/The Colorful Mix/Assets/MalvaMoschata_eqqdb/data/data.blend': No such file or directory
Info: Cannot find lib '/c/Users/jobo/Documents/GScatter/Environments/The Colorful Mix/Assets/MalvaMoschata_eqqdb/data/data.blend'
Info: Read library: '/c/Users/jobo/Documents/GScatter/Environments/The Colorful Mix/Assets/AnthemisTinctoria_4dz2v/data/data.blend', 'C:\Users\jobo\Documents\GScatter\Environments\The Colorful Mix\Assets\AnthemisTinctoria_4dz2v\data\data.blend', parent '<direct>'
Warning: Unable to open '/c/Users/jobo/Documents/GScatter/Environments/The Colorful Mix/Assets/AnthemisTinctoria_4dz2v/data/data.blend': No such file or directory
Info: Cannot find lib '/c/Users/jobo/Documents/GScatter/Environments/The Colorful Mix/Assets/AnthemisTinctoria_4dz2v/data/data.blend'
Info: Read library: '/c/Users/jobo/Documents/GScatter/Environments/The Colorful Mix/Assets/PapaverRhoeas_p57n4/data/data.blend', 'C:\Users\jobo\Documents\GScatter\Environments\The Colorful Mix\Assets\PapaverRhoeas_p57n4\data\data.blend', parent '<direct>'
Warning: Unable to open '/c/Users/jobo/Documents/GScatter/Environments/The Colorful Mix/Assets/PapaverRhoeas_p57n4/data/data.blend': No such file or directory
Info: Cannot find lib '/c/Users/jobo/Documents/GScatter/Environments/The Colorful Mix/Assets/PapaverRhoeas_p57n4/data/data.blend'
Info: Read library: '/c/Users/jobo/Documents/GScatter/Environments/The Colorful Mix/Assets/SileneVulgaris_f83dx/data/data.blend', 'C:\Users\jobo\Documents\GScatter\Environments\The Colorful Mix\Assets\SileneVulgaris_f83dx\data\data.blend', parent '<direct>'
Warning: Unable to open '/c/Users/jobo/Documents/GScatter/Environments/The Colorful Mix/Assets/SileneVulgaris_f83dx/data/data.blend': No such file or directory
Info: Cannot find lib '/c/Users/jobo/Documents/GScatter/Environments/The Colorful Mix/Assets/SileneVulgaris_f83dx/data/data.blend'
Info: LIB: Image: 'MatricariaChamomilla_4xz48_Albedo_8bit_16384ppm.png' missing from 'C:/Users/jobo/Documents/GScatter/Environments/The Colorful Mix/Assets/MatricariaChamomilla_4xz48/data/data.blend', parent '<direct>'
Info: LIB: Image: 'MatricariaChamomilla_4xz48_AmbientOcclusion_8bit_16384ppm.png' missing from 'C:/Users/jobo/Documents/GScatter/Environments/The Colorful Mix/Assets/MatricariaChamomilla_4xz48/data/data.blend', parent '<direct>'
Info: LIB: Image: 'MatricariaChamomilla_4xz48_Height_16bit_16384ppm.png' missing from 'C:/Users/jobo/Documents/GScatter/Environments/The Colorful Mix/Assets/MatricariaChamomilla_4xz48/data/data.blend', parent '<direct>'
Info: LIB: Image: 'MatricariaChamomilla_4xz48_NormalOpenGL_8bit_16384ppm.png' missing from 'C:/Users/jobo/Documents/GScatter/Environments/The Colorful Mix/Assets/MatricariaChamomilla_4xz48/data/data.blend', parent '<direct>'
Info: LIB: Image: 'MatricariaChamomilla_4xz48_Opacity_8bit_16384ppm.png' missing from 'C:/Users/jobo/Documents/GScatter/Environments/The Colorful Mix/Assets/MatricariaChamomilla_4xz48/data/data.blend', parent '<direct>'
Info: LIB: Image: 'MatricariaChamomilla_4xz48_Roughness_8bit_16384ppm.png' missing from 'C:/Users/jobo/Documents/GScatter/Environments/The Colorful Mix/Assets/MatricariaChamomilla_4xz48/data/data.blend', parent '<direct>'
Info: LIB: Image: 'MatricariaChamomilla_4xz48_Translucency_8bit_16384ppm.png' missing from 'C:/Users/jobo/Documents/GScatter/Environments/The Colorful Mix/Assets/MatricariaChamomilla_4xz48/data/data.blend', parent '<direct>'
Info: LIB: Image: 'EchiumVulgare_2kxgg_Albedo_8bit_16384ppm.png' missing from 'C:/Users/jobo/Documents/GScatter/Environments/The Colorful Mix/Assets/EchiumVulgare_2kxgg/data/data.blend', parent '<direct>'
Info: LIB: Image: 'EchiumVulgare_2kxgg_AmbientOcclusion_8bit_16384ppm.png' missing from 'C:/Users/jobo/Documents/GScatter/Environments/The Colorful Mix/Assets/EchiumVulgare_2kxgg/data/data.blend', parent '<direct>'
Info: LIB: Image: 'EchiumVulgare_2kxgg_Height_16bit_16384ppm.png' missing from 'C:/Users/jobo/Documents/GScatter/Environments/The Colorful Mix/Assets/EchiumVulgare_2kxgg/data/data.blend', parent '<direct>'
Info: LIB: Image: 'EchiumVulgare_2kxgg_NormalOpenGL_8bit_16384ppm.png' missing from 'C:/Users/jobo/Documents/GScatter/Environments/The Colorful Mix/Assets/EchiumVulgare_2kxgg/data/data.blend', parent '<direct>'
Info: LIB: Image: 'EchiumVulgare_2kxgg_Opacity_8bit_16384ppm.png' missing from 'C:/Users/jobo/Documents/GScatter/Environments/The Colorful Mix/Assets/EchiumVulgare_2kxgg/data/data.blend', parent '<direct>'
Info: LIB: Image: 'EchiumVulgare_2kxgg_Roughness_8bit_16384ppm.png' missing from 'C:/Users/jobo/Documents/GScatter/Environments/The Colorful Mix/Assets/EchiumVulgare_2kxgg/data/data.blend', parent '<direct>'
Info: LIB: Image: 'EchiumVulgare_2kxgg_Translucency_8bit_16384ppm.png' missing from 'C:/Users/jobo/Documents/GScatter/Environments/The Colorful Mix/Assets/EchiumVulgare_2kxgg/data/data.blend', parent '<direct>'
Info: LIB: Image: 'GeraniumPusillum_0ihd9_Albedo_8bit_16384ppm.png' missing from 'C:/Users/jobo/Documents/GScatter/Environments/The Colorful Mix/Assets/GeraniumPusillum_0ihd9/data/data.blend', parent '<direct>'
Info: LIB: Image: 'GeraniumPusillum_0ihd9_AmbientOcclusion_8bit_16384ppm.png' missing from 'C:/Users/jobo/Documents/GScatter/Environments/The Colorful Mix/Assets/GeraniumPusillum_0ihd9/data/data.blend', parent '<direct>'
Info: LIB: Image: 'GeraniumPusillum_0ihd9_Height_16bit_16384ppm.png' missing from 'C:/Users/jobo/Documents/GScatter/Environments/The Colorful Mix/Assets/GeraniumPusillum_0ihd9/data/data.blend', parent '<direct>'
Info: LIB: Image: 'GeraniumPusillum_0ihd9_NormalOpenGL_8bit_16384ppm.png' missing from 'C:/Users/jobo/Documents/GScatter/Environments/The Colorful Mix/Assets/GeraniumPusillum_0ihd9/data/data.blend', parent '<direct>'
Info: LIB: Image: 'GeraniumPusillum_0ihd9_Opacity_8bit_16384ppm.png' missing from 'C:/Users/jobo/Documents/GScatter/Environments/The Colorful Mix/Assets/GeraniumPusillum_0ihd9/data/data.blend', parent '<direct>'
Info: LIB: Image: 'GeraniumPusillum_0ihd9_Roughness_8bit_16384ppm.png' missing from 'C:/Users/jobo/Documents/GScatter/Environments/The Colorful Mix/Assets/GeraniumPusillum_0ihd9/data/data.blend', parent '<direct>'
Info: LIB: Image: 'GeraniumPusillum_0ihd9_Translucency_8bit_16384ppm.png' missing from 'C:/Users/jobo/Documents/GScatter/Environments/The Colorful Mix/Assets/GeraniumPusillum_0ihd9/data/data.blend', parent '<direct>'
Info: LIB: Image: 'MalvaMoschata_eqqdb_Albedo_8bit_16384ppm.png' missing from 'C:/Users/jobo/Documents/GScatter/Environments/The Colorful Mix/Assets/MalvaMoschata_eqqdb/data/data.blend', parent '<direct>'
Info: LIB: Image: 'MalvaMoschata_eqqdb_AmbientOcclusion_8bit_16384ppm.png' missing from 'C:/Users/jobo/Documents/GScatter/Environments/The Colorful Mix/Assets/MalvaMoschata_eqqdb/data/data.blend', parent '<direct>'
Info: LIB: Image: 'MalvaMoschata_eqqdb_Height_16bit_16384ppm.png' missing from 'C:/Users/jobo/Documents/GScatter/Environments/The Colorful Mix/Assets/MalvaMoschata_eqqdb/data/data.blend', parent '<direct>'
Info: LIB: Image: 'MalvaMoschata_eqqdb_NormalOpenGL_8bit_16384ppm.png' missing from 'C:/Users/jobo/Documents/GScatter/Environments/The Colorful Mix/Assets/MalvaMoschata_eqqdb/data/data.blend', parent '<direct>'
Info: LIB: Image: 'MalvaMoschata_eqqdb_Opacity_8bit_16384ppm.png' missing from 'C:/Users/jobo/Documents/GScatter/Environments/The Colorful Mix/Assets/MalvaMoschata_eqqdb/data/data.blend', parent '<direct>'
Info: LIB: Image: 'MalvaMoschata_eqqdb_Roughness_8bit_16384ppm.png' missing from 'C:/Users/jobo/Documents/GScatter/Environments/The Colorful Mix/Assets/MalvaMoschata_eqqdb/data/data.blend', parent '<direct>'
Info: LIB: Image: 'MalvaMoschata_eqqdb_Translucency_8bit_16384ppm.png' missing from 'C:/Users/jobo/Documents/GScatter/Environments/The Colorful Mix/Assets/MalvaMoschata_eqqdb/data/data.blend', parent '<direct>'
Info: LIB: Image: 'AnthemisTinctoria_4dz2v_Albedo_8bit_16384ppm.png' missing from 'C:/Users/jobo/Documents/GScatter/Environments/The Colorful Mix/Assets/AnthemisTinctoria_4dz2v/data/data.blend', parent '<direct>'
Info: LIB: Image: 'AnthemisTinctoria_4dz2v_AmbientOcclusion_8bit_16384ppm.png' missing from 'C:/Users/jobo/Documents/GScatter/Environments/The Colorful Mix/Assets/AnthemisTinctoria_4dz2v/data/data.blend', parent '<direct>'
Info: LIB: Image: 'AnthemisTinctoria_4dz2v_Height_16bit_16384ppm.png' missing from 'C:/Users/jobo/Documents/GScatter/Environments/The Colorful Mix/Assets/AnthemisTinctoria_4dz2v/data/data.blend', parent '<direct>'
Info: LIB: Image: 'AnthemisTinctoria_4dz2v_NormalOpenGL_8bit_16384ppm.png' missing from 'C:/Users/jobo/Documents/GScatter/Environments/The Colorful Mix/Assets/AnthemisTinctoria_4dz2v/data/data.blend', parent '<direct>'
Info: LIB: Image: 'AnthemisTinctoria_4dz2v_Opacity_8bit_16384ppm.png' missing from 'C:/Users/jobo/Documents/GScatter/Environments/The Colorful Mix/Assets/AnthemisTinctoria_4dz2v/data/data.blend', parent '<direct>'
Info: LIB: Image: 'AnthemisTinctoria_4dz2v_Roughness_8bit_16384ppm.png' missing from 'C:/Users/jobo/Documents/GScatter/Environments/The Colorful Mix/Assets/AnthemisTinctoria_4dz2v/data/data.blend', parent '<direct>'
Info: LIB: Image: 'AnthemisTinctoria_4dz2v_Translucency_8bit_16384ppm.png' missing from 'C:/Users/jobo/Documents/GScatter/Environments/The Colorful Mix/Assets/AnthemisTinctoria_4dz2v/data/data.blend', parent '<direct>'
Info: LIB: Image: 'PapaverRhoeas_p57n4_Albedo_8bit_16384ppm.png' missing from 'C:/Users/jobo/Documents/GScatter/Environments/The Colorful Mix/Assets/PapaverRhoeas_p57n4/data/data.blend', parent '<direct>'
Info: LIB: Image: 'PapaverRhoeas_p57n4_AmbientOcclusion_8bit_16384ppm.png' missing from 'C:/Users/jobo/Documents/GScatter/Environments/The Colorful Mix/Assets/PapaverRhoeas_p57n4/data/data.blend', parent '<direct>'
Info: LIB: Image: 'PapaverRhoeas_p57n4_Height_16bit_16384ppm.png' missing from 'C:/Users/jobo/Documents/GScatter/Environments/The Colorful Mix/Assets/PapaverRhoeas_p57n4/data/data.blend', parent '<direct>'
Info: LIB: Image: 'PapaverRhoeas_p57n4_NormalOpenGL_8bit_16384ppm.png' missing from 'C:/Users/jobo/Documents/GScatter/Environments/The Colorful Mix/Assets/PapaverRhoeas_p57n4/data/data.blend', parent '<direct>'
Info: LIB: Image: 'PapaverRhoeas_p57n4_Opacity_8bit_16384ppm.png' missing from 'C:/Users/jobo/Documents/GScatter/Environments/The Colorful Mix/Assets/PapaverRhoeas_p57n4/data/data.blend', parent '<direct>'
Info: LIB: Image: 'PapaverRhoeas_p57n4_Roughness_8bit_16384ppm.png' missing from 'C:/Users/jobo/Documents/GScatter/Environments/The Colorful Mix/Assets/PapaverRhoeas_p57n4/data/data.blend', parent '<direct>'
Info: LIB: Image: 'PapaverRhoeas_p57n4_Translucency_8bit_16384ppm.png' missing from 'C:/Users/jobo/Documents/GScatter/Environments/The Colorful Mix/Assets/PapaverRhoeas_p57n4/data/data.blend', parent '<direct>'
Info: LIB: Image: 'SileneVulgaris_f83dx_Albedo_8bit_16384ppm.png' missing from 'C:/Users/jobo/Documents/GScatter/Environments/The Colorful Mix/Assets/SileneVulgaris_f83dx/data/data.blend', parent '<direct>'
Info: LIB: Image: 'SileneVulgaris_f83dx_AmbientOcclusion_8bit_16384ppm.png' missing from 'C:/Users/jobo/Documents/GScatter/Environments/The Colorful Mix/Assets/SileneVulgaris_f83dx/data/data.blend', parent '<direct>'
Info: LIB: Image: 'SileneVulgaris_f83dx_Height_16bit_16384ppm.png' missing from 'C:/Users/jobo/Documents/GScatter/Environments/The Colorful Mix/Assets/SileneVulgaris_f83dx/data/data.blend', parent '<direct>'
Info: LIB: Image: 'SileneVulgaris_f83dx_NormalOpenGL_8bit_16384ppm.png' missing from 'C:/Users/jobo/Documents/GScatter/Environments/The Colorful Mix/Assets/SileneVulgaris_f83dx/data/data.blend', parent '<direct>'
Info: LIB: Image: 'SileneVulgaris_f83dx_Opacity_8bit_16384ppm.png' missing from 'C:/Users/jobo/Documents/GScatter/Environments/The Colorful Mix/Assets/SileneVulgaris_f83dx/data/data.blend', parent '<direct>'
Info: LIB: Image: 'SileneVulgaris_f83dx_Roughness_8bit_16384ppm.png' missing from 'C:/Users/jobo/Documents/GScatter/Environments/The Colorful Mix/Assets/SileneVulgaris_f83dx/data/data.blend', parent '<direct>'
Info: LIB: Image: 'SileneVulgaris_f83dx_Translucency_8bit_16384ppm.png' missing from 'C:/Users/jobo/Documents/GScatter/Environments/The Colorful Mix/Assets/SileneVulgaris_f83dx/data/data.blend', parent '<direct>'
Warning: 7 libraries and 49 linked data-blocks are missing (including 0 ObjectData), please check the Info and Outliner editors for details
[smoke] scene setup: 1.83s subject_names=['AutoPlacedRoot', 'Subdued Revelry Tattooed Man'] center=[14.591238975524902, 10.027384281158447, 6.579730749130249] h=1.16m
[smoke] render device: CPU (no --gpu-index)
[smoke] placement=paris-metro-entr_9df0d343-37fa-44ea-b312-f11361311266__Subdued-Revelry-Tattooed-Man_52a7d809 accepted=12/12 attempts=27 acceptance_rate=0.44 r_range=[0.81, 7.95] theta_near_deg_range=[48.8, 132.0] viz=no
[smoke] rejections={'start_invalid': 2, 'end_off_frame': 4, 'start_off_frame': 5, 'ang_sep_too_small': 1, 'midpoint_invalid': 2}
[smoke] sub_reasons={'occlusion_sphere(5/14)': 2, 'end_off_frame(occ=0.000)': 4, 'start_off_frame(occ=0.000)': 5}
[smoke] dir=/home/nas5/jungwooahn/projects/DronePhotographer/outputs/v7_stage1_sample/paris-metro-entr_9df0d343-37fa-44ea-b312-f11361311266__Subdued-Revelry-Tattooed-Man_52a7d809 files=['data.json', 'radius.csv']
