Blender 4.5.2 LTS (hash ab25eae04993 built 2025-08-20 02:11:19)
Read blend: "/home/nas5/jungwooahn/projects/DronePhotographer/data/scenes/paris-metro-entr_9df0d343-37fa-44ea-b312-f11361311266/paris-metro-entrance-square-pigalle_ac73342f-25be-4f35-a845-d6fbcc540ba8.blend"
[smoke] placement=paris-metro-entr_9df0d343-37fa-44ea-b312-f11361311266__rp_posedplus_00068_18_100k idx=0 foot=[-27.65423583984375, 17.215633392333984, 6.002326965332031]
Info: Read library: '/c/Users/jobo/Documents/GScatter/Environments/The Colorful Mix/Assets/MatricariaChamomilla_4xz48/data/data.blend', 'C:\Users\jobo\Documents\GScatter\Environments\The Colorful Mix\Assets\MatricariaChamomilla_4xz48\data\data.blend', parent '<direct>'
Warning: Unable to open '/c/Users/jobo/Documents/GScatter/Environments/The Colorful Mix/Assets/MatricariaChamomilla_4xz48/data/data.blend': No such file or directory
Info: Cannot find lib '/c/Users/jobo/Documents/GScatter/Environments/The Colorful Mix/Assets/MatricariaChamomilla_4xz48/data/data.blend'
Info: Read library: '/c/Users/jobo/Documents/GScatter/Environments/The Colorful Mix/Assets/EchiumVulgare_2kxgg/data/data.blend', 'C:\Users\jobo\Documents\GScatter\Environments\The Colorful Mix\Assets\EchiumVulgare_2kxgg\data\data.blend', parent '<direct>'
Warning: Unable to open '/c/Users/jobo/Documents/GScatter/Environments/The Colorful Mix/Assets/EchiumVulgare_2kxgg/data/data.blend': No such file or directory
Info: Cannot find lib '/c/Users/jobo/Documents/GScatter/Environments/The Colorful Mix/Assets/EchiumVulgare_2kxgg/data/data.blend'
Info: Read library: '/c/Users/jobo/Documents/GScatter/Environments/The Colorful Mix/Assets/GeraniumPusillum_0ihd9/data/data.blend', 'C:\Users\jobo\Documents\GScatter\Environments\The Colorful Mix\Assets\GeraniumPusillum_0ihd9\data\data.blend', parent '<direct>'
Warning: Unable to open '/c/Users/jobo/Documents/GScatter/Environments/The Colorful Mix/Assets/GeraniumPusillum_0ihd9/data/data.blend': No such file or directory
Info: Cannot find lib '/c/Users/jobo/Documents/GScatter/Environments/The Colorful Mix/Assets/GeraniumPusillum_0ihd9/data/data.blend'
Info: Read library: '/c/Users/jobo/Documents/GScatter/Environments/The Colorful Mix/Assets/MalvaMoschata_eqqdb/data/data.blend', 'C:\Users\jobo\Documents\GScatter\Environments\The Colorful Mix\Assets\MalvaMoschata_eqqdb\data\data.blend', parent '<direct>'
Warning: Unable to open '/c/Users/jobo/Documents/GScatter/Environments/The Colorful Mix/Assets/MalvaMoschata_eqqdb/data/data.blend': No such file or directory
Info: Cannot find lib '/c/Users/jobo/Documents/GScatter/Environments/The Colorful Mix/Assets/MalvaMoschata_eqqdb/data/data.blend'
Info: Read library: '/c/Users/jobo/Documents/GScatter/Environments/The Colorful Mix/Assets/AnthemisTinctoria_4dz2v/data/data.blend', 'C:\Users\jobo\Documents\GScatter\Environments\The Colorful Mix\Assets\AnthemisTinctoria_4dz2v\data\data.blend', parent '<direct>'
Warning: Unable to open '/c/Users/jobo/Documents/GScatter/Environments/The Colorful Mix/Assets/AnthemisTinctoria_4dz2v/data/data.blend': No such file or directory
Info: Cannot find lib '/c/Users/jobo/Documents/GScatter/Environments/The Colorful Mix/Assets/AnthemisTinctoria_4dz2v/data/data.blend'
Info: Read library: '/c/Users/jobo/Documents/GScatter/Environments/The Colorful Mix/Assets/PapaverRhoeas_p57n4/data/data.blend', 'C:\Users\jobo\Documents\GScatter\Environments\The Colorful Mix\Assets\PapaverRhoeas_p57n4\data\data.blend', parent '<direct>'
Warning: Unable to open '/c/Users/jobo/Documents/GScatter/Environments/The Colorful Mix/Assets/PapaverRhoeas_p57n4/data/data.blend': No such file or directory
Info: Cannot find lib '/c/Users/jobo/Documents/GScatter/Environments/The Colorful Mix/Assets/PapaverRhoeas_p57n4/data/data.blend'
Info: Read library: '/c/Users/jobo/Documents/GScatter/Environments/The Colorful Mix/Assets/SileneVulgaris_f83dx/data/data.blend', 'C:\Users\jobo\Documents\GScatter\Environments\The Colorful Mix\Assets\SileneVulgaris_f83dx\data\data.blend', parent '<direct>'
Warning: Unable to open '/c/Users/jobo/Documents/GScatter/Environments/The Colorful Mix/Assets/SileneVulgaris_f83dx/data/data.blend': No such file or directory
Info: Cannot find lib '/c/Users/jobo/Documents/GScatter/Environments/The Colorful Mix/Assets/SileneVulgaris_f83dx/data/data.blend'
Info: LIB: Image: 'MatricariaChamomilla_4xz48_Albedo_8bit_16384ppm.png' missing from 'C:/Users/jobo/Documents/GScatter/Environments/The Colorful Mix/Assets/MatricariaChamomilla_4xz48/data/data.blend', parent '<direct>'
Info: LIB: Image: 'MatricariaChamomilla_4xz48_AmbientOcclusion_8bit_16384ppm.png' missing from 'C:/Users/jobo/Documents/GScatter/Environments/The Colorful Mix/Assets/MatricariaChamomilla_4xz48/data/data.blend', parent '<direct>'
Info: LIB: Image: 'MatricariaChamomilla_4xz48_Height_16bit_16384ppm.png' missing from 'C:/Users/jobo/Documents/GScatter/Environments/The Colorful Mix/Assets/MatricariaChamomilla_4xz48/data/data.blend', parent '<direct>'
Info: LIB: Image: 'MatricariaChamomilla_4xz48_NormalOpenGL_8bit_16384ppm.png' missing from 'C:/Users/jobo/Documents/GScatter/Environments/The Colorful Mix/Assets/MatricariaChamomilla_4xz48/data/data.blend', parent '<direct>'
Info: LIB: Image: 'MatricariaChamomilla_4xz48_Opacity_8bit_16384ppm.png' missing from 'C:/Users/jobo/Documents/GScatter/Environments/The Colorful Mix/Assets/MatricariaChamomilla_4xz48/data/data.blend', parent '<direct>'
Info: LIB: Image: 'MatricariaChamomilla_4xz48_Roughness_8bit_16384ppm.png' missing from 'C:/Users/jobo/Documents/GScatter/Environments/The Colorful Mix/Assets/MatricariaChamomilla_4xz48/data/data.blend', parent '<direct>'
Info: LIB: Image: 'MatricariaChamomilla_4xz48_Translucency_8bit_16384ppm.png' missing from 'C:/Users/jobo/Documents/GScatter/Environments/The Colorful Mix/Assets/MatricariaChamomilla_4xz48/data/data.blend', parent '<direct>'
Info: LIB: Image: 'EchiumVulgare_2kxgg_Albedo_8bit_16384ppm.png' missing from 'C:/Users/jobo/Documents/GScatter/Environments/The Colorful Mix/Assets/EchiumVulgare_2kxgg/data/data.blend', parent '<direct>'
Info: LIB: Image: 'EchiumVulgare_2kxgg_AmbientOcclusion_8bit_16384ppm.png' missing from 'C:/Users/jobo/Documents/GScatter/Environments/The Colorful Mix/Assets/EchiumVulgare_2kxgg/data/data.blend', parent '<direct>'
Info: LIB: Image: 'EchiumVulgare_2kxgg_Height_16bit_16384ppm.png' missing from 'C:/Users/jobo/Documents/GScatter/Environments/The Colorful Mix/Assets/EchiumVulgare_2kxgg/data/data.blend', parent '<direct>'
Info: LIB: Image: 'EchiumVulgare_2kxgg_NormalOpenGL_8bit_16384ppm.png' missing from 'C:/Users/jobo/Documents/GScatter/Environments/The Colorful Mix/Assets/EchiumVulgare_2kxgg/data/data.blend', parent '<direct>'
Info: LIB: Image: 'EchiumVulgare_2kxgg_Opacity_8bit_16384ppm.png' missing from 'C:/Users/jobo/Documents/GScatter/Environments/The Colorful Mix/Assets/EchiumVulgare_2kxgg/data/data.blend', parent '<direct>'
Info: LIB: Image: 'EchiumVulgare_2kxgg_Roughness_8bit_16384ppm.png' missing from 'C:/Users/jobo/Documents/GScatter/Environments/The Colorful Mix/Assets/EchiumVulgare_2kxgg/data/data.blend', parent '<direct>'
Info: LIB: Image: 'EchiumVulgare_2kxgg_Translucency_8bit_16384ppm.png' missing from 'C:/Users/jobo/Documents/GScatter/Environments/The Colorful Mix/Assets/EchiumVulgare_2kxgg/data/data.blend', parent '<direct>'
Info: LIB: Image: 'GeraniumPusillum_0ihd9_Albedo_8bit_16384ppm.png' missing from 'C:/Users/jobo/Documents/GScatter/Environments/The Colorful Mix/Assets/GeraniumPusillum_0ihd9/data/data.blend', parent '<direct>'
Info: LIB: Image: 'GeraniumPusillum_0ihd9_AmbientOcclusion_8bit_16384ppm.png' missing from 'C:/Users/jobo/Documents/GScatter/Environments/The Colorful Mix/Assets/GeraniumPusillum_0ihd9/data/data.blend', parent '<direct>'
Info: LIB: Image: 'GeraniumPusillum_0ihd9_Height_16bit_16384ppm.png' missing from 'C:/Users/jobo/Documents/GScatter/Environments/The Colorful Mix/Assets/GeraniumPusillum_0ihd9/data/data.blend', parent '<direct>'
Info: LIB: Image: 'GeraniumPusillum_0ihd9_NormalOpenGL_8bit_16384ppm.png' missing from 'C:/Users/jobo/Documents/GScatter/Environments/The Colorful Mix/Assets/GeraniumPusillum_0ihd9/data/data.blend', parent '<direct>'
Info: LIB: Image: 'GeraniumPusillum_0ihd9_Opacity_8bit_16384ppm.png' missing from 'C:/Users/jobo/Documents/GScatter/Environments/The Colorful Mix/Assets/GeraniumPusillum_0ihd9/data/data.blend', parent '<direct>'
Info: LIB: Image: 'GeraniumPusillum_0ihd9_Roughness_8bit_16384ppm.png' missing from 'C:/Users/jobo/Documents/GScatter/Environments/The Colorful Mix/Assets/GeraniumPusillum_0ihd9/data/data.blend', parent '<direct>'
Info: LIB: Image: 'GeraniumPusillum_0ihd9_Translucency_8bit_16384ppm.png' missing from 'C:/Users/jobo/Documents/GScatter/Environments/The Colorful Mix/Assets/GeraniumPusillum_0ihd9/data/data.blend', parent '<direct>'
Info: LIB: Image: 'MalvaMoschata_eqqdb_Albedo_8bit_16384ppm.png' missing from 'C:/Users/jobo/Documents/GScatter/Environments/The Colorful Mix/Assets/MalvaMoschata_eqqdb/data/data.blend', parent '<direct>'
Info: LIB: Image: 'MalvaMoschata_eqqdb_AmbientOcclusion_8bit_16384ppm.png' missing from 'C:/Users/jobo/Documents/GScatter/Environments/The Colorful Mix/Assets/MalvaMoschata_eqqdb/data/data.blend', parent '<direct>'
Info: LIB: Image: 'MalvaMoschata_eqqdb_Height_16bit_16384ppm.png' missing from 'C:/Users/jobo/Documents/GScatter/Environments/The Colorful Mix/Assets/MalvaMoschata_eqqdb/data/data.blend', parent '<direct>'
Info: LIB: Image: 'MalvaMoschata_eqqdb_NormalOpenGL_8bit_16384ppm.png' missing from 'C:/Users/jobo/Documents/GScatter/Environments/The Colorful Mix/Assets/MalvaMoschata_eqqdb/data/data.blend', parent '<direct>'
Info: LIB: Image: 'MalvaMoschata_eqqdb_Opacity_8bit_16384ppm.png' missing from 'C:/Users/jobo/Documents/GScatter/Environments/The Colorful Mix/Assets/MalvaMoschata_eqqdb/data/data.blend', parent '<direct>'
Info: LIB: Image: 'MalvaMoschata_eqqdb_Roughness_8bit_16384ppm.png' missing from 'C:/Users/jobo/Documents/GScatter/Environments/The Colorful Mix/Assets/MalvaMoschata_eqqdb/data/data.blend', parent '<direct>'
Info: LIB: Image: 'MalvaMoschata_eqqdb_Translucency_8bit_16384ppm.png' missing from 'C:/Users/jobo/Documents/GScatter/Environments/The Colorful Mix/Assets/MalvaMoschata_eqqdb/data/data.blend', parent '<direct>'
Info: LIB: Image: 'AnthemisTinctoria_4dz2v_Albedo_8bit_16384ppm.png' missing from 'C:/Users/jobo/Documents/GScatter/Environments/The Colorful Mix/Assets/AnthemisTinctoria_4dz2v/data/data.blend', parent '<direct>'
Info: LIB: Image: 'AnthemisTinctoria_4dz2v_AmbientOcclusion_8bit_16384ppm.png' missing from 'C:/Users/jobo/Documents/GScatter/Environments/The Colorful Mix/Assets/AnthemisTinctoria_4dz2v/data/data.blend', parent '<direct>'
Info: LIB: Image: 'AnthemisTinctoria_4dz2v_Height_16bit_16384ppm.png' missing from 'C:/Users/jobo/Documents/GScatter/Environments/The Colorful Mix/Assets/AnthemisTinctoria_4dz2v/data/data.blend', parent '<direct>'
Info: LIB: Image: 'AnthemisTinctoria_4dz2v_NormalOpenGL_8bit_16384ppm.png' missing from 'C:/Users/jobo/Documents/GScatter/Environments/The Colorful Mix/Assets/AnthemisTinctoria_4dz2v/data/data.blend', parent '<direct>'
Info: LIB: Image: 'AnthemisTinctoria_4dz2v_Opacity_8bit_16384ppm.png' missing from 'C:/Users/jobo/Documents/GScatter/Environments/The Colorful Mix/Assets/AnthemisTinctoria_4dz2v/data/data.blend', parent '<direct>'
Info: LIB: Image: 'AnthemisTinctoria_4dz2v_Roughness_8bit_16384ppm.png' missing from 'C:/Users/jobo/Documents/GScatter/Environments/The Colorful Mix/Assets/AnthemisTinctoria_4dz2v/data/data.blend', parent '<direct>'
Info: LIB: Image: 'AnthemisTinctoria_4dz2v_Translucency_8bit_16384ppm.png' missing from 'C:/Users/jobo/Documents/GScatter/Environments/The Colorful Mix/Assets/AnthemisTinctoria_4dz2v/data/data.blend', parent '<direct>'
Info: LIB: Image: 'PapaverRhoeas_p57n4_Albedo_8bit_16384ppm.png' missing from 'C:/Users/jobo/Documents/GScatter/Environments/The Colorful Mix/Assets/PapaverRhoeas_p57n4/data/data.blend', parent '<direct>'
Info: LIB: Image: 'PapaverRhoeas_p57n4_AmbientOcclusion_8bit_16384ppm.png' missing from 'C:/Users/jobo/Documents/GScatter/Environments/The Colorful Mix/Assets/PapaverRhoeas_p57n4/data/data.blend', parent '<direct>'
Info: LIB: Image: 'PapaverRhoeas_p57n4_Height_16bit_16384ppm.png' missing from 'C:/Users/jobo/Documents/GScatter/Environments/The Colorful Mix/Assets/PapaverRhoeas_p57n4/data/data.blend', parent '<direct>'
Info: LIB: Image: 'PapaverRhoeas_p57n4_NormalOpenGL_8bit_16384ppm.png' missing from 'C:/Users/jobo/Documents/GScatter/Environments/The Colorful Mix/Assets/PapaverRhoeas_p57n4/data/data.blend', parent '<direct>'
Info: LIB: Image: 'PapaverRhoeas_p57n4_Opacity_8bit_16384ppm.png' missing from 'C:/Users/jobo/Documents/GScatter/Environments/The Colorful Mix/Assets/PapaverRhoeas_p57n4/data/data.blend', parent '<direct>'
Info: LIB: Image: 'PapaverRhoeas_p57n4_Roughness_8bit_16384ppm.png' missing from 'C:/Users/jobo/Documents/GScatter/Environments/The Colorful Mix/Assets/PapaverRhoeas_p57n4/data/data.blend', parent '<direct>'
Info: LIB: Image: 'PapaverRhoeas_p57n4_Translucency_8bit_16384ppm.png' missing from 'C:/Users/jobo/Documents/GScatter/Environments/The Colorful Mix/Assets/PapaverRhoeas_p57n4/data/data.blend', parent '<direct>'
Info: LIB: Image: 'SileneVulgaris_f83dx_Albedo_8bit_16384ppm.png' missing from 'C:/Users/jobo/Documents/GScatter/Environments/The Colorful Mix/Assets/SileneVulgaris_f83dx/data/data.blend', parent '<direct>'
Info: LIB: Image: 'SileneVulgaris_f83dx_AmbientOcclusion_8bit_16384ppm.png' missing from 'C:/Users/jobo/Documents/GScatter/Environments/The Colorful Mix/Assets/SileneVulgaris_f83dx/data/data.blend', parent '<direct>'
Info: LIB: Image: 'SileneVulgaris_f83dx_Height_16bit_16384ppm.png' missing from 'C:/Users/jobo/Documents/GScatter/Environments/The Colorful Mix/Assets/SileneVulgaris_f83dx/data/data.blend', parent '<direct>'
Info: LIB: Image: 'SileneVulgaris_f83dx_NormalOpenGL_8bit_16384ppm.png' missing from 'C:/Users/jobo/Documents/GScatter/Environments/The Colorful Mix/Assets/SileneVulgaris_f83dx/data/data.blend', parent '<direct>'
Info: LIB: Image: 'SileneVulgaris_f83dx_Opacity_8bit_16384ppm.png' missing from 'C:/Users/jobo/Documents/GScatter/Environments/The Colorful Mix/Assets/SileneVulgaris_f83dx/data/data.blend', parent '<direct>'
Info: LIB: Image: 'SileneVulgaris_f83dx_Roughness_8bit_16384ppm.png' missing from 'C:/Users/jobo/Documents/GScatter/Environments/The Colorful Mix/Assets/SileneVulgaris_f83dx/data/data.blend', parent '<direct>'
Info: LIB: Image: 'SileneVulgaris_f83dx_Translucency_8bit_16384ppm.png' missing from 'C:/Users/jobo/Documents/GScatter/Environments/The Colorful Mix/Assets/SileneVulgaris_f83dx/data/data.blend', parent '<direct>'
Warning: 7 libraries and 49 linked data-blocks are missing (including 0 ObjectData), please check the Info and Outliner editors for details
[smoke] scene setup: 2.20s subject_names=['AutoPlacedRoot', 'rp_posedplus_00068_18_100k'] center=[-33.00253677368164, 23.55678939819336, 90.66598010063171] h=169.33m
[smoke] render device: CPU (no --gpu-index)
[smoke] placement=paris-metro-entr_9df0d343-37fa-44ea-b312-f11361311266__rp_posedplus_00068_18_100k accepted=0/12 attempts=60 acceptance_rate=0.00 r_range=[0.00, 0.00] theta_near_deg_range=[0.0, 0.0] viz=no
[smoke] rejections={'singular_lookat': 60}
[smoke] dir=/home/nas5/jungwooahn/projects/DronePhotographer/outputs/v7_stage1_sample/paris-metro-entr_9df0d343-37fa-44ea-b312-f11361311266__rp_posedplus_00068_18_100k files=['data.json', 'radius.csv']
