Blender 4.5.2 LTS (hash ab25eae04993 built 2025-08-20 02:11:19)
Read blend: "/home/nas5/jungwooahn/projects/DronePhotographer/data/scenes/Parking_70ae1f27/Parking_70ae1f27.blend"
Dependency cycle detected:
  OBrig_security_camera_02.001/tgt_root/BONE_CONSTRAINTS() depends on
  OBrig_security_camera_02.001/def_root/BONE_DONE() via 'Copy Transforms'
  OBrig_security_camera_02.001/def_root/BONE_READY() via 'Ready -> Done'
  OBrig_security_camera_02.001/def_root/BONE_CONSTRAINTS() via 'Constraints -> Ready'
  OBrig_security_camera_02.001/tgt_root/BONE_DONE() via 'Copy Transforms'
  OBrig_security_camera_02.001/tgt_root/BONE_READY() via 'Ready -> Done'
  OBrig_security_camera_02.001/tgt_root/BONE_CONSTRAINTS() via 'Constraints -> Ready'
Dependency cycle detected:
  OBrig_security_camera_02/tgt_root/BONE_CONSTRAINTS() depends on
  OBrig_security_camera_02/def_root/BONE_DONE() via 'Copy Transforms'
  OBrig_security_camera_02/def_root/BONE_READY() via 'Ready -> Done'
  OBrig_security_camera_02/def_root/BONE_CONSTRAINTS() via 'Constraints -> Ready'
  OBrig_security_camera_02/tgt_root/BONE_DONE() via 'Copy Transforms'
  OBrig_security_camera_02/tgt_root/BONE_READY() via 'Ready -> Done'
  OBrig_security_camera_02/tgt_root/BONE_CONSTRAINTS() via 'Constraints -> Ready'
Detected 2 dependency cycles
Dependency cycle detected:
  OBrig_security_camera_02.001/tgt_root/BONE_CONSTRAINTS() depends on
  OBrig_security_camera_02.001/def_root/BONE_DONE() via 'Copy Transforms'
  OBrig_security_camera_02.001/def_root/BONE_READY() via 'Ready -> Done'
  OBrig_security_camera_02.001/def_root/BONE_CONSTRAINTS() via 'Constraints -> Ready'
  OBrig_security_camera_02.001/tgt_root/BONE_DONE() via 'Copy Transforms'
  OBrig_security_camera_02.001/tgt_root/BONE_READY() via 'Ready -> Done'
  OBrig_security_camera_02.001/tgt_root/BONE_CONSTRAINTS() via 'Constraints -> Ready'
Dependency cycle detected:
  OBrig_security_camera_02/tgt_root/BONE_CONSTRAINTS() depends on
  OBrig_security_camera_02/def_root/BONE_DONE() via 'Copy Transforms'
  OBrig_security_camera_02/def_root/BONE_READY() via 'Ready -> Done'
  OBrig_security_camera_02/def_root/BONE_CONSTRAINTS() via 'Constraints -> Ready'
  OBrig_security_camera_02/tgt_root/BONE_DONE() via 'Copy Transforms'
  OBrig_security_camera_02/tgt_root/BONE_READY() via 'Ready -> Done'
  OBrig_security_camera_02/tgt_root/BONE_CONSTRAINTS() via 'Constraints -> Ready'
Detected 2 dependency cycles
Dependency cycle detected:
  OBrig_security_camera_02.001/tgt_root/BONE_CONSTRAINTS() depends on
  OBrig_security_camera_02.001/def_root/BONE_DONE() via 'Copy Transforms'
  OBrig_security_camera_02.001/def_root/BONE_READY() via 'Ready -> Done'
  OBrig_security_camera_02.001/def_root/BONE_CONSTRAINTS() via 'Constraints -> Ready'
  OBrig_security_camera_02.001/tgt_root/BONE_DONE() via 'Copy Transforms'
  OBrig_security_camera_02.001/tgt_root/BONE_READY() via 'Ready -> Done'
  OBrig_security_camera_02.001/tgt_root/BONE_CONSTRAINTS() via 'Constraints -> Ready'
Dependency cycle detected:
  OBrig_security_camera_02/tgt_root/BONE_CONSTRAINTS() depends on
  OBrig_security_camera_02/def_root/BONE_DONE() via 'Copy Transforms'
  OBrig_security_camera_02/def_root/BONE_READY() via 'Ready -> Done'
  OBrig_security_camera_02/def_root/BONE_CONSTRAINTS() via 'Constraints -> Ready'
  OBrig_security_camera_02/tgt_root/BONE_DONE() via 'Copy Transforms'
  OBrig_security_camera_02/tgt_root/BONE_READY() via 'Ready -> Done'
  OBrig_security_camera_02/tgt_root/BONE_CONSTRAINTS() via 'Constraints -> Ready'
Detected 2 dependency cycles
[smoke] placement=Parking_70ae1f27__Bald-Worker-Hands-on-His-Hips_7d114532 idx=0 foot=[8.140405654907227, 3.7900943756103516, 0.0]
[smoke] scene setup: 1.35s subject_names=['AutoPlacedRoot', 'Bald Worker Hands on His Hips'] center=[8.091668128967285, 3.610880136489868, 0.8658559205941856] h=1.73m
[smoke] render device: CPU (no --gpu-index)
[smoke] placement=Parking_70ae1f27__Bald-Worker-Hands-on-His-Hips_7d114532 accepted=12/12 attempts=34 acceptance_rate=0.35 r_range=[0.81, 7.34] theta_near_deg_range=[15.9, 125.5] viz=no
[smoke] rejections={'end_off_frame': 7, 'end_invalid': 4, 'start_off_frame': 4, 'start_invalid': 3, 'midpoint_invalid': 3}
[smoke] sub_reasons={'end_off_frame(occ=0.000)': 7, 'occlusion_sphere(4/14)': 5, 'start_off_frame(occ=0.000)': 3, 'occlusion_sphere(6/14)': 1, 'occlusion_sphere(7/14)': 1, 'start_off_frame(occ=0.001)': 1}
[smoke] dir=/home/nas5/jungwooahn/projects/DronePhotographer/outputs/v7_stage1_sample/Parking_70ae1f27__Bald-Worker-Hands-on-His-Hips_7d114532 files=['data.json', 'radius.csv']
