Blender 4.5.2 LTS (hash ab25eae04993 built 2025-08-20 02:11:19)
Read blend: "/home/nas5/jungwooahn/projects/DronePhotographer/data/scenes/Parking_70ae1f27/Parking_70ae1f27.blend"
Dependency cycle detected:
  OBrig_security_camera_02.001/tgt_root/BONE_CONSTRAINTS() depends on
  OBrig_security_camera_02.001/def_root/BONE_DONE() via 'Copy Transforms'
  OBrig_security_camera_02.001/def_root/BONE_READY() via 'Ready -> Done'
  OBrig_security_camera_02.001/def_root/BONE_CONSTRAINTS() via 'Constraints -> Ready'
  OBrig_security_camera_02.001/tgt_root/BONE_DONE() via 'Copy Transforms'
  OBrig_security_camera_02.001/tgt_root/BONE_READY() via 'Ready -> Done'
  OBrig_security_camera_02.001/tgt_root/BONE_CONSTRAINTS() via 'Constraints -> Ready'
Dependency cycle detected:
  OBrig_security_camera_02/tgt_root/BONE_CONSTRAINTS() depends on
  OBrig_security_camera_02/def_root/BONE_DONE() via 'Copy Transforms'
  OBrig_security_camera_02/def_root/BONE_READY() via 'Ready -> Done'
  OBrig_security_camera_02/def_root/BONE_CONSTRAINTS() via 'Constraints -> Ready'
  OBrig_security_camera_02/tgt_root/BONE_DONE() via 'Copy Transforms'
  OBrig_security_camera_02/tgt_root/BONE_READY() via 'Ready -> Done'
  OBrig_security_camera_02/tgt_root/BONE_CONSTRAINTS() via 'Constraints -> Ready'
Detected 2 dependency cycles
Dependency cycle detected:
  OBrig_security_camera_02.001/tgt_root/BONE_CONSTRAINTS() depends on
  OBrig_security_camera_02.001/def_root/BONE_DONE() via 'Copy Transforms'
  OBrig_security_camera_02.001/def_root/BONE_READY() via 'Ready -> Done'
  OBrig_security_camera_02.001/def_root/BONE_CONSTRAINTS() via 'Constraints -> Ready'
  OBrig_security_camera_02.001/tgt_root/BONE_DONE() via 'Copy Transforms'
  OBrig_security_camera_02.001/tgt_root/BONE_READY() via 'Ready -> Done'
  OBrig_security_camera_02.001/tgt_root/BONE_CONSTRAINTS() via 'Constraints -> Ready'
Dependency cycle detected:
  OBrig_security_camera_02/tgt_root/BONE_CONSTRAINTS() depends on
  OBrig_security_camera_02/def_root/BONE_DONE() via 'Copy Transforms'
  OBrig_security_camera_02/def_root/BONE_READY() via 'Ready -> Done'
  OBrig_security_camera_02/def_root/BONE_CONSTRAINTS() via 'Constraints -> Ready'
  OBrig_security_camera_02/tgt_root/BONE_DONE() via 'Copy Transforms'
  OBrig_security_camera_02/tgt_root/BONE_READY() via 'Ready -> Done'
  OBrig_security_camera_02/tgt_root/BONE_CONSTRAINTS() via 'Constraints -> Ready'
Detected 2 dependency cycles
Dependency cycle detected:
  OBrig_security_camera_02.001/tgt_root/BONE_CONSTRAINTS() depends on
  OBrig_security_camera_02.001/def_root/BONE_DONE() via 'Copy Transforms'
  OBrig_security_camera_02.001/def_root/BONE_READY() via 'Ready -> Done'
  OBrig_security_camera_02.001/def_root/BONE_CONSTRAINTS() via 'Constraints -> Ready'
  OBrig_security_camera_02.001/tgt_root/BONE_DONE() via 'Copy Transforms'
  OBrig_security_camera_02.001/tgt_root/BONE_READY() via 'Ready -> Done'
  OBrig_security_camera_02.001/tgt_root/BONE_CONSTRAINTS() via 'Constraints -> Ready'
Dependency cycle detected:
  OBrig_security_camera_02/tgt_root/BONE_CONSTRAINTS() depends on
  OBrig_security_camera_02/def_root/BONE_DONE() via 'Copy Transforms'
  OBrig_security_camera_02/def_root/BONE_READY() via 'Ready -> Done'
  OBrig_security_camera_02/def_root/BONE_CONSTRAINTS() via 'Constraints -> Ready'
  OBrig_security_camera_02/tgt_root/BONE_DONE() via 'Copy Transforms'
  OBrig_security_camera_02/tgt_root/BONE_READY() via 'Ready -> Done'
  OBrig_security_camera_02/tgt_root/BONE_CONSTRAINTS() via 'Constraints -> Ready'
Detected 2 dependency cycles
[smoke] placement=Parking_70ae1f27__Car-Mechanic-Character_5ccee493 idx=0 foot=[18.465375900268555, 29.797788619995117, 0.0]
[smoke] scene setup: 1.56s subject_names=['AutoPlacedRoot', 'Car Mechanic Character.002'] center=[18.4755916595459, 29.80539035797119, 0.9113745167851448] h=1.84m
[smoke] render device: CPU (no --gpu-index)
[smoke] placement=Parking_70ae1f27__Car-Mechanic-Character_5ccee493 accepted=12/12 attempts=21 acceptance_rate=0.57 r_range=[0.81, 7.95] theta_near_deg_range=[16.2, 127.5] viz=no
[smoke] rejections={'end_off_frame': 3, 'start_off_frame': 2, 'end_invalid': 1, 'start_invalid': 1, 'midpoint_invalid': 1}
[smoke] sub_reasons={'end_off_frame(occ=0.000)': 3, 'start_off_frame(occ=0.004)': 1, 'occlusion_sphere(4/14)': 1, 'occlusion_sphere(5/14)': 1, 'start_off_frame(occ=0.000)': 1}
[smoke] dir=/home/nas5/jungwooahn/projects/DronePhotographer/outputs/v7_stage1_sample/Parking_70ae1f27__Car-Mechanic-Character_5ccee493 files=['data.json', 'radius.csv']
