Blender 4.5.2 LTS (hash ab25eae04993 built 2025-08-20 02:11:19)
Read blend: "/home/nas5/jungwooahn/projects/DronePhotographer/data/scenes/Parking_70ae1f27/Parking_70ae1f27.blend"
Dependency cycle detected:
  OBrig_security_camera_02.001/tgt_root/BONE_CONSTRAINTS() depends on
  OBrig_security_camera_02.001/def_root/BONE_DONE() via 'Copy Transforms'
  OBrig_security_camera_02.001/def_root/BONE_READY() via 'Ready -> Done'
  OBrig_security_camera_02.001/def_root/BONE_CONSTRAINTS() via 'Constraints -> Ready'
  OBrig_security_camera_02.001/tgt_root/BONE_DONE() via 'Copy Transforms'
  OBrig_security_camera_02.001/tgt_root/BONE_READY() via 'Ready -> Done'
  OBrig_security_camera_02.001/tgt_root/BONE_CONSTRAINTS() via 'Constraints -> Ready'
Dependency cycle detected:
  OBrig_security_camera_02/tgt_root/BONE_CONSTRAINTS() depends on
  OBrig_security_camera_02/def_root/BONE_DONE() via 'Copy Transforms'
  OBrig_security_camera_02/def_root/BONE_READY() via 'Ready -> Done'
  OBrig_security_camera_02/def_root/BONE_CONSTRAINTS() via 'Constraints -> Ready'
  OBrig_security_camera_02/tgt_root/BONE_DONE() via 'Copy Transforms'
  OBrig_security_camera_02/tgt_root/BONE_READY() via 'Ready -> Done'
  OBrig_security_camera_02/tgt_root/BONE_CONSTRAINTS() via 'Constraints -> Ready'
Detected 2 dependency cycles
Dependency cycle detected:
  OBrig_security_camera_02.001/tgt_root/BONE_CONSTRAINTS() depends on
  OBrig_security_camera_02.001/def_root/BONE_DONE() via 'Copy Transforms'
  OBrig_security_camera_02.001/def_root/BONE_READY() via 'Ready -> Done'
  OBrig_security_camera_02.001/def_root/BONE_CONSTRAINTS() via 'Constraints -> Ready'
  OBrig_security_camera_02.001/tgt_root/BONE_DONE() via 'Copy Transforms'
  OBrig_security_camera_02.001/tgt_root/BONE_READY() via 'Ready -> Done'
  OBrig_security_camera_02.001/tgt_root/BONE_CONSTRAINTS() via 'Constraints -> Ready'
Dependency cycle detected:
  OBrig_security_camera_02/tgt_root/BONE_CONSTRAINTS() depends on
  OBrig_security_camera_02/def_root/BONE_DONE() via 'Copy Transforms'
  OBrig_security_camera_02/def_root/BONE_READY() via 'Ready -> Done'
  OBrig_security_camera_02/def_root/BONE_CONSTRAINTS() via 'Constraints -> Ready'
  OBrig_security_camera_02/tgt_root/BONE_DONE() via 'Copy Transforms'
  OBrig_security_camera_02/tgt_root/BONE_READY() via 'Ready -> Done'
  OBrig_security_camera_02/tgt_root/BONE_CONSTRAINTS() via 'Constraints -> Ready'
Detected 2 dependency cycles
Dependency cycle detected:
  OBrig_security_camera_02.001/tgt_root/BONE_CONSTRAINTS() depends on
  OBrig_security_camera_02.001/def_root/BONE_DONE() via 'Copy Transforms'
  OBrig_security_camera_02.001/def_root/BONE_READY() via 'Ready -> Done'
  OBrig_security_camera_02.001/def_root/BONE_CONSTRAINTS() via 'Constraints -> Ready'
  OBrig_security_camera_02.001/tgt_root/BONE_DONE() via 'Copy Transforms'
  OBrig_security_camera_02.001/tgt_root/BONE_READY() via 'Ready -> Done'
  OBrig_security_camera_02.001/tgt_root/BONE_CONSTRAINTS() via 'Constraints -> Ready'
Dependency cycle detected:
  OBrig_security_camera_02/tgt_root/BONE_CONSTRAINTS() depends on
  OBrig_security_camera_02/def_root/BONE_DONE() via 'Copy Transforms'
  OBrig_security_camera_02/def_root/BONE_READY() via 'Ready -> Done'
  OBrig_security_camera_02/def_root/BONE_CONSTRAINTS() via 'Constraints -> Ready'
  OBrig_security_camera_02/tgt_root/BONE_DONE() via 'Copy Transforms'
  OBrig_security_camera_02/tgt_root/BONE_READY() via 'Ready -> Done'
  OBrig_security_camera_02/tgt_root/BONE_CONSTRAINTS() via 'Constraints -> Ready'
Detected 2 dependency cycles
[smoke] placement=Parking_70ae1f27__Hahaha-woman-on-chair_50c9329e idx=0 foot=[-21.514225006103516, 11.854528427124023, 0.0]
[smoke] scene setup: 2.27s subject_names=['AutoPlacedRoot', 'Hahaha woman on chair'] center=[-21.54512310028076, 11.631311893463135, 0.6796499849588145] h=1.36m
[smoke] render device: CPU (no --gpu-index)
[smoke] placement=Parking_70ae1f27__Hahaha-woman-on-chair_50c9329e accepted=5/12 attempts=60 acceptance_rate=0.08 r_range=[1.41, 6.93] theta_near_deg_range=[21.6, 84.0] viz=no
[smoke] rejections={'start_invalid': 42, 'end_invalid': 13}
[smoke] sub_reasons={'occlusion_sphere(5/14)': 8, 'occlusion_sphere(7/14)': 3, 'line_of_sight_blocked_by:Cube.001@2.38m_vs_7.95m': 1, 'occlusion_sphere(4/14)': 15, 'line_of_sight_blocked_by:columnes 1@0.09m_vs_6.76m': 1, 'line_of_sight_blocked_by:columnes 1@0.07m_vs_2.51m': 1, 'occlusion_sphere(8/14)': 7, 'line_of_sight_blocked_by:Cube.001@3.10m_vs_7.91m': 1, 'line_of_sight_blocked_by:columnes 1@0.09m_vs_1.41m': 1, 'line_of_sight_blocked_by:columnes 1@0.11m_vs_7.34m': 1, 'line_of_sight_blocked_by:Cube.001@2.19m_vs_5.98m': 1, 'line_of_sight_blocked_by:columnes 1@0.16m_vs_1.07m': 1, 'line_of_sight_blocked_by:columnes 1@0.06m_vs_5.69m': 1, 'line_of_sight_blocked_by:Cube.001@1.85m_vs_4.53m': 1, 'line_of_sight_blocked_by:columnes 1@0.11m_vs_3.06m': 1, 'line_of_sight_blocked_by:columnes 1@0.19m_vs_1.27m': 1, 'line_of_sight_blocked_by:columnes 1@0.15m_vs_1.14m': 1, 'line_of_sight_blocked_by:columnes 1@0.07m_vs_3.08m': 1, 'line_of_sight_blocked_by:columnes 1@0.07m_vs_1.97m': 1, 'line_of_sight_blocked_by:columnes 1@0.08m_vs_4.58m': 1, 'line_of_sight_blocked_by:protector columnes 1.003@0.19m_vs_4.16m': 1, 'line_of_sight_blocked_by:columnes 1@0.07m_vs_5.30m': 1, 'line_of_sight_blocked_by:columnes 1@0.06m_vs_3.29m': 1, 'line_of_sight_blocked_by:columnes 1@0.09m_vs_1.66m': 1, 'line_of_sight_blocked_by:columnes 1@0.09m_vs_6.29m': 1, 'line_of_sight_blocked_by:columnes 1@0.19m_vs_2.38m': 1}
[smoke] dir=/home/nas5/jungwooahn/projects/DronePhotographer/outputs/v7_stage1_sample/Parking_70ae1f27__Hahaha-woman-on-chair_50c9329e files=['data.json', 'radius.csv']
