Blender 4.5.2 LTS (hash ab25eae04993 built 2025-08-20 02:11:19)
Read blend: "/home/nas5/jungwooahn/projects/DronePhotographer/data/scenes/Parking_70ae1f27/Parking_70ae1f27.blend"
Dependency cycle detected:
  OBrig_security_camera_02.001/tgt_root/BONE_CONSTRAINTS() depends on
  OBrig_security_camera_02.001/def_root/BONE_DONE() via 'Copy Transforms'
  OBrig_security_camera_02.001/def_root/BONE_READY() via 'Ready -> Done'
  OBrig_security_camera_02.001/def_root/BONE_CONSTRAINTS() via 'Constraints -> Ready'
  OBrig_security_camera_02.001/tgt_root/BONE_DONE() via 'Copy Transforms'
  OBrig_security_camera_02.001/tgt_root/BONE_READY() via 'Ready -> Done'
  OBrig_security_camera_02.001/tgt_root/BONE_CONSTRAINTS() via 'Constraints -> Ready'
Dependency cycle detected:
  OBrig_security_camera_02/tgt_root/BONE_CONSTRAINTS() depends on
  OBrig_security_camera_02/def_root/BONE_DONE() via 'Copy Transforms'
  OBrig_security_camera_02/def_root/BONE_READY() via 'Ready -> Done'
  OBrig_security_camera_02/def_root/BONE_CONSTRAINTS() via 'Constraints -> Ready'
  OBrig_security_camera_02/tgt_root/BONE_DONE() via 'Copy Transforms'
  OBrig_security_camera_02/tgt_root/BONE_READY() via 'Ready -> Done'
  OBrig_security_camera_02/tgt_root/BONE_CONSTRAINTS() via 'Constraints -> Ready'
Detected 2 dependency cycles
Dependency cycle detected:
  OBrig_security_camera_02.001/tgt_root/BONE_CONSTRAINTS() depends on
  OBrig_security_camera_02.001/def_root/BONE_DONE() via 'Copy Transforms'
  OBrig_security_camera_02.001/def_root/BONE_READY() via 'Ready -> Done'
  OBrig_security_camera_02.001/def_root/BONE_CONSTRAINTS() via 'Constraints -> Ready'
  OBrig_security_camera_02.001/tgt_root/BONE_DONE() via 'Copy Transforms'
  OBrig_security_camera_02.001/tgt_root/BONE_READY() via 'Ready -> Done'
  OBrig_security_camera_02.001/tgt_root/BONE_CONSTRAINTS() via 'Constraints -> Ready'
Dependency cycle detected:
  OBrig_security_camera_02/tgt_root/BONE_CONSTRAINTS() depends on
  OBrig_security_camera_02/def_root/BONE_DONE() via 'Copy Transforms'
  OBrig_security_camera_02/def_root/BONE_READY() via 'Ready -> Done'
  OBrig_security_camera_02/def_root/BONE_CONSTRAINTS() via 'Constraints -> Ready'
  OBrig_security_camera_02/tgt_root/BONE_DONE() via 'Copy Transforms'
  OBrig_security_camera_02/tgt_root/BONE_READY() via 'Ready -> Done'
  OBrig_security_camera_02/tgt_root/BONE_CONSTRAINTS() via 'Constraints -> Ready'
Detected 2 dependency cycles
Dependency cycle detected:
  OBrig_security_camera_02.001/tgt_root/BONE_CONSTRAINTS() depends on
  OBrig_security_camera_02.001/def_root/BONE_DONE() via 'Copy Transforms'
  OBrig_security_camera_02.001/def_root/BONE_READY() via 'Ready -> Done'
  OBrig_security_camera_02.001/def_root/BONE_CONSTRAINTS() via 'Constraints -> Ready'
  OBrig_security_camera_02.001/tgt_root/BONE_DONE() via 'Copy Transforms'
  OBrig_security_camera_02.001/tgt_root/BONE_READY() via 'Ready -> Done'
  OBrig_security_camera_02.001/tgt_root/BONE_CONSTRAINTS() via 'Constraints -> Ready'
Dependency cycle detected:
  OBrig_security_camera_02/tgt_root/BONE_CONSTRAINTS() depends on
  OBrig_security_camera_02/def_root/BONE_DONE() via 'Copy Transforms'
  OBrig_security_camera_02/def_root/BONE_READY() via 'Ready -> Done'
  OBrig_security_camera_02/def_root/BONE_CONSTRAINTS() via 'Constraints -> Ready'
  OBrig_security_camera_02/tgt_root/BONE_DONE() via 'Copy Transforms'
  OBrig_security_camera_02/tgt_root/BONE_READY() via 'Ready -> Done'
  OBrig_security_camera_02/tgt_root/BONE_CONSTRAINTS() via 'Constraints -> Ready'
Detected 2 dependency cycles
[smoke] placement=Parking_70ae1f27__Casual-Crouch_b3e2a7cc idx=0 foot=[-12.649805068969727, 21.720600128173828, 4.76837158203125e-07]
[smoke] scene setup: 1.56s subject_names=['AutoPlacedRoot', 'Casual Crouch'] center=[-12.751389026641846, 21.7551212310791, 0.49890047071676236] h=1.00m
[smoke] render device: CPU (no --gpu-index)
[smoke] placement=Parking_70ae1f27__Casual-Crouch_b3e2a7cc accepted=12/12 attempts=34 acceptance_rate=0.35 r_range=[0.88, 7.95] theta_near_deg_range=[61.1, 130.4] viz=no
[smoke] rejections={'start_invalid': 2, 'end_invalid': 2, 'start_off_frame': 9, 'ang_sep_too_small': 1, 'end_off_frame': 6, 'midpoint_invalid': 1}
[smoke] sub_reasons={'occlusion_sphere(5/14)': 2, 'occlusion_sphere(7/14)': 1, 'start_off_frame(occ=0.000)': 9, 'end_off_frame(occ=0.009)': 1, 'end_off_frame(occ=0.000)': 4, 'end_off_frame(occ=0.007)': 1, 'occlusion_sphere(4/14)': 1}
[smoke] dir=/home/nas5/jungwooahn/projects/DronePhotographer/outputs/v7_stage1_sample/Parking_70ae1f27__Casual-Crouch_b3e2a7cc files=['data.json', 'radius.csv']
