Blender 4.5.2 LTS (hash ab25eae04993 built 2025-08-20 02:11:19)
Read blend: "/home/nas5/jungwooahn/projects/DronePhotographer/data/scenes/Parking_70ae1f27/Parking_70ae1f27.blend"
Dependency cycle detected:
  OBrig_security_camera_02.001/tgt_root/BONE_CONSTRAINTS() depends on
  OBrig_security_camera_02.001/def_root/BONE_DONE() via 'Copy Transforms'
  OBrig_security_camera_02.001/def_root/BONE_READY() via 'Ready -> Done'
  OBrig_security_camera_02.001/def_root/BONE_CONSTRAINTS() via 'Constraints -> Ready'
  OBrig_security_camera_02.001/tgt_root/BONE_DONE() via 'Copy Transforms'
  OBrig_security_camera_02.001/tgt_root/BONE_READY() via 'Ready -> Done'
  OBrig_security_camera_02.001/tgt_root/BONE_CONSTRAINTS() via 'Constraints -> Ready'
Dependency cycle detected:
  OBrig_security_camera_02/tgt_root/BONE_CONSTRAINTS() depends on
  OBrig_security_camera_02/def_root/BONE_DONE() via 'Copy Transforms'
  OBrig_security_camera_02/def_root/BONE_READY() via 'Ready -> Done'
  OBrig_security_camera_02/def_root/BONE_CONSTRAINTS() via 'Constraints -> Ready'
  OBrig_security_camera_02/tgt_root/BONE_DONE() via 'Copy Transforms'
  OBrig_security_camera_02/tgt_root/BONE_READY() via 'Ready -> Done'
  OBrig_security_camera_02/tgt_root/BONE_CONSTRAINTS() via 'Constraints -> Ready'
Detected 2 dependency cycles
Dependency cycle detected:
  OBrig_security_camera_02.001/tgt_root/BONE_CONSTRAINTS() depends on
  OBrig_security_camera_02.001/def_root/BONE_DONE() via 'Copy Transforms'
  OBrig_security_camera_02.001/def_root/BONE_READY() via 'Ready -> Done'
  OBrig_security_camera_02.001/def_root/BONE_CONSTRAINTS() via 'Constraints -> Ready'
  OBrig_security_camera_02.001/tgt_root/BONE_DONE() via 'Copy Transforms'
  OBrig_security_camera_02.001/tgt_root/BONE_READY() via 'Ready -> Done'
  OBrig_security_camera_02.001/tgt_root/BONE_CONSTRAINTS() via 'Constraints -> Ready'
Dependency cycle detected:
  OBrig_security_camera_02/tgt_root/BONE_CONSTRAINTS() depends on
  OBrig_security_camera_02/def_root/BONE_DONE() via 'Copy Transforms'
  OBrig_security_camera_02/def_root/BONE_READY() via 'Ready -> Done'
  OBrig_security_camera_02/def_root/BONE_CONSTRAINTS() via 'Constraints -> Ready'
  OBrig_security_camera_02/tgt_root/BONE_DONE() via 'Copy Transforms'
  OBrig_security_camera_02/tgt_root/BONE_READY() via 'Ready -> Done'
  OBrig_security_camera_02/tgt_root/BONE_CONSTRAINTS() via 'Constraints -> Ready'
Detected 2 dependency cycles
[smoke] placement=Parking_70ae1f27__rp_posedplus_00068_18_100k idx=0 foot=[5.304628372192383, 15.635391235351562, 4.76837158203125e-07]
[smoke] scene setup: 2.03s subject_names=['AutoPlacedRoot', 'rp_posedplus_00068_18_100k'] center=[-0.043671607971191406, 21.976547241210938, 84.66364955267159] h=169.33m
[smoke] render device: CPU (no --gpu-index)
[smoke] placement=Parking_70ae1f27__rp_posedplus_00068_18_100k accepted=0/12 attempts=60 acceptance_rate=0.00 r_range=[0.00, 0.00] theta_near_deg_range=[0.0, 0.0] viz=no
[smoke] rejections={'singular_lookat': 60}
[smoke] dir=/home/nas5/jungwooahn/projects/DronePhotographer/outputs/v7_stage1_sample/Parking_70ae1f27__rp_posedplus_00068_18_100k files=['data.json', 'radius.csv']
